
> bnbu-pe-management-portal@0.1.0 typecheck
> npm run phase6b:wire:check && npm run contract:check && npm run phase5gb:contract:check && tsc --noEmit -p tsconfig.json && tsc --noEmit -p tsconfig.worker.json && tsc --noEmit -p tsconfig.phase5b-student.json


> bnbu-pe-management-portal@0.1.0 phase6b:wire:check
> npm run phase6b:wire:generate -- --check


> bnbu-pe-management-portal@0.1.0 phase6b:wire:generate
> node scripts/generate-phase6b-validators.mjs --check

PASS: runtime validators match the fixed Contract and deterministic generation.

> bnbu-pe-management-portal@0.1.0 contract:check
> npm run contract:verify && npm run contract:generate -- --check


> bnbu-pe-management-portal@0.1.0 contract:verify
> node scripts/verify-contract.mjs

pinned version   : 3.0.0-web-snapshot
declared version : 3.0.0-web-snapshot
sha256           : 6cd4ac8cf9b64391bc20383ba32129ddf8efaa09f015917f323bba6d3886da39
bytes            : 348260
paths/ops/schemas: 116/133/313
source commit    : 72ddb5e468e0188e6b5a8ea8321f6056700ccb96

Snapshot binding OK.

> bnbu-pe-management-portal@0.1.0 contract:generate
> openapi-typescript ./openapi/openapi.snapshot.yaml --output ./app/openapi.generated.ts --immutable --alphabetize --check

✨ openapi-typescript 7.13.0

> bnbu-pe-management-portal@0.1.0 phase5gb:contract:check
> node scripts/verify-phase5b-contract.mjs && npm run phase5b:contract:generate -- --check && npm run phase5b:student-contract:generate -- --check

Phase 5B Contract binding OK: 1.3.0-contract / RC / 5c87eeb9bca39585cea2e3c80c60d58813b4367e1a60b161ed8c7f82af4a19ed

> bnbu-pe-management-portal@0.1.0 phase5b:contract:generate
> openapi-typescript ../../contracts/openapi.yaml --output ./app/phase5b-contract.generated.ts --immutable --alphabetize --check

✨ openapi-typescript 7.13.0

> bnbu-pe-management-portal@0.1.0 phase5b:student-contract:generate
> openapi-typescript ../../contracts/openapi.yaml --output ../frontend/student/phase5b-contract.generated.ts --immutable --alphabetize --check

✨ openapi-typescript 7.13.0
