INSTRUMENTATION_STATUS: class=edu.bnbu.phase6.manualreview.ManualReviewTest
INSTRUMENTATION_STATUS: current=1
INSTRUMENTATION_STATUS: id=AndroidJUnitRunner
INSTRUMENTATION_STATUS: numtests=2
INSTRUMENTATION_STATUS: stream=
edu.bnbu.phase6.manualreview.ManualReviewTest:
INSTRUMENTATION_STATUS: test=onlyHumanActionsConfirmReviewAndRetryUsesFreshHttp
INSTRUMENTATION_STATUS_CODE: 1
INSTRUMENTATION_STATUS: class=edu.bnbu.phase6.manualreview.ManualReviewTest
INSTRUMENTATION_STATUS: current=1
INSTRUMENTATION_STATUS: id=AndroidJUnitRunner
INSTRUMENTATION_STATUS: numtests=2
INSTRUMENTATION_STATUS: stream=.
INSTRUMENTATION_STATUS: test=onlyHumanActionsConfirmReviewAndRetryUsesFreshHttp
INSTRUMENTATION_STATUS_CODE: 0
INSTRUMENTATION_STATUS: class=edu.bnbu.phase6.manualreview.ManualReviewTest
INSTRUMENTATION_STATUS: current=2
INSTRUMENTATION_STATUS: id=AndroidJUnitRunner
INSTRUMENTATION_STATUS: numtests=2
INSTRUMENTATION_STATUS: stream=
INSTRUMENTATION_STATUS: test=all44SealedScenariosRunThroughStandaloneAar
INSTRUMENTATION_STATUS_CODE: 1
INSTRUMENTATION_STATUS: class=edu.bnbu.phase6.manualreview.ManualReviewTest
INSTRUMENTATION_STATUS: current=2
INSTRUMENTATION_STATUS: id=AndroidJUnitRunner
INSTRUMENTATION_STATUS: numtests=2
INSTRUMENTATION_STATUS: stream=.
INSTRUMENTATION_STATUS: test=all44SealedScenariosRunThroughStandaloneAar
INSTRUMENTATION_STATUS_CODE: 0
INSTRUMENTATION_RESULT: stream=

Time: 108.011

OK (2 tests)


INSTRUMENTATION_CODE: -1
