INSTRUMENTATION_STATUS: class=Phase6MockUiTest
INSTRUMENTATION_STATUS: current=1
INSTRUMENTATION_STATUS: id=AndroidJUnitRunner
INSTRUMENTATION_STATUS: numtests=74
INSTRUMENTATION_STATUS: stream=
Phase6MockUiTest:
INSTRUMENTATION_STATUS: test=renderSameHttpDtoMapperScenario[dashboard_unjoined]
INSTRUMENTATION_STATUS_CODE: 1
INSTRUMENTATION_STATUS: class=Phase6MockUiTest
INSTRUMENTATION_STATUS: current=1
INSTRUMENTATION_STATUS: id=AndroidJUnitRunner
INSTRUMENTATION_STATUS: numtests=74
INSTRUMENTATION_STATUS: stream=.
INSTRUMENTATION_STATUS: test=renderSameHttpDtoMapperScenario[dashboard_unjoined]
INSTRUMENTATION_STATUS_CODE: 0
INSTRUMENTATION_STATUS: class=Phase6MockUiTest
INSTRUMENTATION_STATUS: current=2
INSTRUMENTATION_STATUS: id=AndroidJUnitRunner
INSTRUMENTATION_STATUS: numtests=74
INSTRUMENTATION_STATUS: stream=
INSTRUMENTATION_STATUS: test=renderSameHttpDtoMapperScenario[account_student_verified_email]
INSTRUMENTATION_STATUS_CODE: 1
INSTRUMENTATION_STATUS: class=Phase6MockUiTest
INSTRUMENTATION_STATUS: current=2
INSTRUMENTATION_STATUS: id=AndroidJUnitRunner
INSTRUMENTATION_STATUS: numtests=74
INSTRUMENTATION_STATUS: stream=.
INSTRUMENTATION_STATUS: test=renderSameHttpDtoMapperScenario[account_student_verified_email]
INSTRUMENTATION_STATUS_CODE: 0
INSTRUMENTATION_STATUS: class=Phase6MockUiTest
INSTRUMENTATION_STATUS: current=3
INSTRUMENTATION_STATUS: id=AndroidJUnitRunner
INSTRUMENTATION_STATUS: numtests=74
INSTRUMENTATION_STATUS: stream=
INSTRUMENTATION_STATUS: test=renderSameHttpDtoMapperScenario[account_deletion_retains_facts]
INSTRUMENTATION_STATUS_CODE: 1
INSTRUMENTATION_STATUS: class=Phase6MockUiTest
INSTRUMENTATION_STATUS: current=3
INSTRUMENTATION_STATUS: id=AndroidJUnitRunner
INSTRUMENTATION_STATUS: numtests=74
INSTRUMENTATION_STATUS: stream=.
INSTRUMENTATION_STATUS: test=renderSameHttpDtoMapperScenario[account_deletion_retains_facts]
INSTRUMENTATION_STATUS_CODE: 0
INSTRUMENTATION_STATUS: class=Phase6MockUiTest
INSTRUMENTATION_STATUS: current=4
INSTRUMENTATION_STATUS: id=AndroidJUnitRunner
INSTRUMENTATION_STATUS: numtests=74
INSTRUMENTATION_STATUS: stream=
INSTRUMENTATION_STATUS: test=renderSameHttpDtoMapperScenario[session_restore_server_seconds]
INSTRUMENTATION_STATUS_CODE: 1
INSTRUMENTATION_STATUS: class=Phase6MockUiTest
INSTRUMENTATION_STATUS: current=4
INSTRUMENTATION_STATUS: id=AndroidJUnitRunner
INSTRUMENTATION_STATUS: numtests=74
INSTRUMENTATION_STATUS: stream=.
INSTRUMENTATION_STATUS: test=renderSameHttpDtoMapperScenario[session_restore_server_seconds]
INSTRUMENTATION_STATUS_CODE: 0
INSTRUMENTATION_STATUS: class=Phase6MockUiTest
INSTRUMENTATION_STATUS: current=5
INSTRUMENTATION_STATUS: id=AndroidJUnitRunner
INSTRUMENTATION_STATUS: numtests=74
INSTRUMENTATION_STATUS: stream=
INSTRUMENTATION_STATUS: test=renderSameHttpDtoMapperScenario[progress_1199_is_not_target_met]
INSTRUMENTATION_STATUS_CODE: 1
INSTRUMENTATION_STATUS: class=Phase6MockUiTest
INSTRUMENTATION_STATUS: current=5
INSTRUMENTATION_STATUS: id=AndroidJUnitRunner
INSTRUMENTATION_STATUS: numtests=74
INSTRUMENTATION_STATUS: stream=.
INSTRUMENTATION_STATUS: test=renderSameHttpDtoMapperScenario[progress_1199_is_not_target_met]
INSTRUMENTATION_STATUS_CODE: 0
INSTRUMENTATION_STATUS: class=Phase6MockUiTest
INSTRUMENTATION_STATUS: current=6
INSTRUMENTATION_STATUS: id=AndroidJUnitRunner
INSTRUMENTATION_STATUS: numtests=74
INSTRUMENTATION_STATUS: stream=
INSTRUMENTATION_STATUS: test=renderSameHttpDtoMapperScenario[progress_recomputing_keeps_old_checkpoint]
INSTRUMENTATION_STATUS_CODE: 1
INSTRUMENTATION_STATUS: class=Phase6MockUiTest
INSTRUMENTATION_STATUS: current=6
INSTRUMENTATION_STATUS: id=AndroidJUnitRunner
INSTRUMENTATION_STATUS: numtests=74
INSTRUMENTATION_STATUS: stream=.
INSTRUMENTATION_STATUS: test=renderSameHttpDtoMapperScenario[progress_recomputing_keeps_old_checkpoint]
INSTRUMENTATION_STATUS_CODE: 0
INSTRUMENTATION_STATUS: class=Phase6MockUiTest
INSTRUMENTATION_STATUS: current=7
INSTRUMENTATION_STATUS: id=AndroidJUnitRunner
INSTRUMENTATION_STATUS: numtests=74
INSTRUMENTATION_STATUS: stream=
INSTRUMENTATION_STATUS: test=renderSameHttpDtoMapperScenario[progress_unavailable_is_not_zero]
INSTRUMENTATION_STATUS_CODE: 1
INSTRUMENTATION_STATUS: class=Phase6MockUiTest
INSTRUMENTATION_STATUS: current=7
INSTRUMENTATION_STATUS: id=AndroidJUnitRunner
INSTRUMENTATION_STATUS: numtests=74
INSTRUMENTATION_STATUS: stream=.
INSTRUMENTATION_STATUS: test=renderSameHttpDtoMapperScenario[progress_unavailable_is_not_zero]
INSTRUMENTATION_STATUS_CODE: 0
INSTRUMENTATION_STATUS: class=Phase6MockUiTest
INSTRUMENTATION_STATUS: current=8
INSTRUMENTATION_STATUS: id=AndroidJUnitRunner
INSTRUMENTATION_STATUS: numtests=74
INSTRUMENTATION_STATUS: stream=
INSTRUMENTATION_STATUS: test=renderSameHttpDtoMapperScenario[progress_cached_is_read_only]
INSTRUMENTATION_STATUS_CODE: 1
INSTRUMENTATION_STATUS: class=Phase6MockUiTest
INSTRUMENTATION_STATUS: current=8
INSTRUMENTATION_STATUS: id=AndroidJUnitRunner
INSTRUMENTATION_STATUS: numtests=74
INSTRUMENTATION_STATUS: stream=.
INSTRUMENTATION_STATUS: test=renderSameHttpDtoMapperScenario[progress_cached_is_read_only]
INSTRUMENTATION_STATUS_CODE: 0
INSTRUMENTATION_STATUS: class=Phase6MockUiTest
INSTRUMENTATION_STATUS: current=9
INSTRUMENTATION_STATUS: id=AndroidJUnitRunner
INSTRUMENTATION_STATUS: numtests=74
INSTRUMENTATION_STATUS: stream=
INSTRUMENTATION_STATUS: test=renderSameHttpDtoMapperScenario[record_pending_material]
INSTRUMENTATION_STATUS_CODE: 1
INSTRUMENTATION_STATUS: class=Phase6MockUiTest
INSTRUMENTATION_STATUS: current=9
INSTRUMENTATION_STATUS: id=AndroidJUnitRunner
INSTRUMENTATION_STATUS: numtests=74
INSTRUMENTATION_STATUS: stream=.
INSTRUMENTATION_STATUS: test=renderSameHttpDtoMapperScenario[record_pending_material]
INSTRUMENTATION_STATUS_CODE: 0
INSTRUMENTATION_STATUS: class=Phase6MockUiTest
INSTRUMENTATION_STATUS: current=10
INSTRUMENTATION_STATUS: id=AndroidJUnitRunner
INSTRUMENTATION_STATUS: numtests=74
INSTRUMENTATION_STATUS: stream=
INSTRUMENTATION_STATUS: test=renderSameHttpDtoMapperScenario[record_teacher_round1]
INSTRUMENTATION_STATUS_CODE: 1
INSTRUMENTATION_STATUS: class=Phase6MockUiTest
INSTRUMENTATION_STATUS: current=10
INSTRUMENTATION_STATUS: id=AndroidJUnitRunner
INSTRUMENTATION_STATUS: numtests=74
INSTRUMENTATION_STATUS: stream=.
INSTRUMENTATION_STATUS: test=renderSameHttpDtoMapperScenario[record_teacher_round1]
INSTRUMENTATION_STATUS_CODE: 0
INSTRUMENTATION_STATUS: class=Phase6MockUiTest
INSTRUMENTATION_STATUS: current=11
INSTRUMENTATION_STATUS: id=AndroidJUnitRunner
INSTRUMENTATION_STATUS: numtests=74
INSTRUMENTATION_STATUS: stream=
INSTRUMENTATION_STATUS: test=renderSameHttpDtoMapperScenario[record_await_supplement]
INSTRUMENTATION_STATUS_CODE: 1
INSTRUMENTATION_STATUS: class=Phase6MockUiTest
INSTRUMENTATION_STATUS: current=11
INSTRUMENTATION_STATUS: id=AndroidJUnitRunner
INSTRUMENTATION_STATUS: numtests=74
INSTRUMENTATION_STATUS: stream=.
INSTRUMENTATION_STATUS: test=renderSameHttpDtoMapperScenario[record_await_supplement]
INSTRUMENTATION_STATUS_CODE: 0
INSTRUMENTATION_STATUS: class=Phase6MockUiTest
INSTRUMENTATION_STATUS: current=12
INSTRUMENTATION_STATUS: id=AndroidJUnitRunner
INSTRUMENTATION_STATUS: numtests=74
INSTRUMENTATION_STATUS: stream=
INSTRUMENTATION_STATUS: test=renderSameHttpDtoMapperScenario[record_round2]
INSTRUMENTATION_STATUS_CODE: 1
INSTRUMENTATION_STATUS: class=Phase6MockUiTest
INSTRUMENTATION_STATUS: current=12
INSTRUMENTATION_STATUS: id=AndroidJUnitRunner
INSTRUMENTATION_STATUS: numtests=74
INSTRUMENTATION_STATUS: stream=.
INSTRUMENTATION_STATUS: test=renderSameHttpDtoMapperScenario[record_round2]
INSTRUMENTATION_STATUS_CODE: 0
INSTRUMENTATION_STATUS: class=Phase6MockUiTest
INSTRUMENTATION_STATUS: current=13
INSTRUMENTATION_STATUS: id=AndroidJUnitRunner
INSTRUMENTATION_STATUS: numtests=74
INSTRUMENTATION_STATUS: stream=
INSTRUMENTATION_STATUS: test=renderSameHttpDtoMapperScenario[record_valid]
INSTRUMENTATION_STATUS_CODE: 1
INSTRUMENTATION_STATUS: class=Phase6MockUiTest
INSTRUMENTATION_STATUS: current=13
INSTRUMENTATION_STATUS: id=AndroidJUnitRunner
INSTRUMENTATION_STATUS: numtests=74
INSTRUMENTATION_STATUS: stream=.
INSTRUMENTATION_STATUS: test=renderSameHttpDtoMapperScenario[record_valid]
INSTRUMENTATION_STATUS_CODE: 0
INSTRUMENTATION_STATUS: class=Phase6MockUiTest
INSTRUMENTATION_STATUS: current=14
INSTRUMENTATION_STATUS: id=AndroidJUnitRunner
INSTRUMENTATION_STATUS: numtests=74
INSTRUMENTATION_STATUS: stream=
INSTRUMENTATION_STATUS: test=renderSameHttpDtoMapperScenario[technical_processing_never_invalid]
INSTRUMENTATION_STATUS_CODE: 1
INSTRUMENTATION_STATUS: class=Phase6MockUiTest
INSTRUMENTATION_STATUS: current=14
INSTRUMENTATION_STATUS: id=AndroidJUnitRunner
INSTRUMENTATION_STATUS: numtests=74
INSTRUMENTATION_STATUS: stream=.
INSTRUMENTATION_STATUS: test=renderSameHttpDtoMapperScenario[technical_processing_never_invalid]
INSTRUMENTATION_STATUS_CODE: 0
INSTRUMENTATION_STATUS: class=Phase6MockUiTest
INSTRUMENTATION_STATUS: current=15
INSTRUMENTATION_STATUS: id=AndroidJUnitRunner
INSTRUMENTATION_STATUS: numtests=74
INSTRUMENTATION_STATUS: stream=
INSTRUMENTATION_STATUS: test=renderSameHttpDtoMapperScenario[supplement_timer_paused]
INSTRUMENTATION_STATUS_CODE: 1
INSTRUMENTATION_STATUS: class=Phase6MockUiTest
INSTRUMENTATION_STATUS: current=15
INSTRUMENTATION_STATUS: id=AndroidJUnitRunner
INSTRUMENTATION_STATUS: numtests=74
INSTRUMENTATION_STATUS: stream=.
INSTRUMENTATION_STATUS: test=renderSameHttpDtoMapperScenario[supplement_timer_paused]
INSTRUMENTATION_STATUS_CODE: 0
INSTRUMENTATION_STATUS: class=Phase6MockUiTest
INSTRUMENTATION_STATUS: current=16
INSTRUMENTATION_STATUS: id=AndroidJUnitRunner
INSTRUMENTATION_STATUS: numtests=74
INSTRUMENTATION_STATUS: stream=
INSTRUMENTATION_STATUS: test=renderSameHttpDtoMapperScenario[supplement_timer_unavailable]
INSTRUMENTATION_STATUS_CODE: 1
INSTRUMENTATION_STATUS: class=Phase6MockUiTest
INSTRUMENTATION_STATUS: current=16
INSTRUMENTATION_STATUS: id=AndroidJUnitRunner
INSTRUMENTATION_STATUS: numtests=74
INSTRUMENTATION_STATUS: stream=.
INSTRUMENTATION_STATUS: test=renderSameHttpDtoMapperScenario[supplement_timer_unavailable]
INSTRUMENTATION_STATUS_CODE: 0
INSTRUMENTATION_STATUS: class=Phase6MockUiTest
INSTRUMENTATION_STATUS: current=17
INSTRUMENTATION_STATUS: id=AndroidJUnitRunner
INSTRUMENTATION_STATUS: numtests=74
INSTRUMENTATION_STATUS: stream=
INSTRUMENTATION_STATUS: test=renderSameHttpDtoMapperScenario[archived_record_is_read_only]
INSTRUMENTATION_STATUS_CODE: 1
INSTRUMENTATION_STATUS: class=Phase6MockUiTest
INSTRUMENTATION_STATUS: current=17
INSTRUMENTATION_STATUS: id=AndroidJUnitRunner
INSTRUMENTATION_STATUS: numtests=74
INSTRUMENTATION_STATUS: stream=.
INSTRUMENTATION_STATUS: test=renderSameHttpDtoMapperScenario[archived_record_is_read_only]
INSTRUMENTATION_STATUS_CODE: 0
INSTRUMENTATION_STATUS: class=Phase6MockUiTest
INSTRUMENTATION_STATUS: current=18
INSTRUMENTATION_STATUS: id=AndroidJUnitRunner
INSTRUMENTATION_STATUS: numtests=74
INSTRUMENTATION_STATUS: stream=
INSTRUMENTATION_STATUS: test=renderSameHttpDtoMapperScenario[records_empty_only_typed_200]
INSTRUMENTATION_STATUS_CODE: 1
INSTRUMENTATION_STATUS: class=Phase6MockUiTest
INSTRUMENTATION_STATUS: current=18
INSTRUMENTATION_STATUS: id=AndroidJUnitRunner
INSTRUMENTATION_STATUS: numtests=74
INSTRUMENTATION_STATUS: stream=.
INSTRUMENTATION_STATUS: test=renderSameHttpDtoMapperScenario[records_empty_only_typed_200]
INSTRUMENTATION_STATUS_CODE: 0
INSTRUMENTATION_STATUS: class=Phase6MockUiTest
INSTRUMENTATION_STATUS: current=19
INSTRUMENTATION_STATUS: id=AndroidJUnitRunner
INSTRUMENTATION_STATUS: numtests=74
INSTRUMENTATION_STATUS: stream=
INSTRUMENTATION_STATUS: test=renderSameHttpDtoMapperScenario[records_cursor_exact]
INSTRUMENTATION_STATUS_CODE: 1
INSTRUMENTATION_STATUS: class=Phase6MockUiTest
INSTRUMENTATION_STATUS: current=19
INSTRUMENTATION_STATUS: id=AndroidJUnitRunner
INSTRUMENTATION_STATUS: numtests=74
INSTRUMENTATION_STATUS: stream=.
INSTRUMENTATION_STATUS: test=renderSameHttpDtoMapperScenario[records_cursor_exact]
INSTRUMENTATION_STATUS_CODE: 0
INSTRUMENTATION_STATUS: class=Phase6MockUiTest
INSTRUMENTATION_STATUS: current=20
INSTRUMENTATION_STATUS: id=AndroidJUnitRunner
INSTRUMENTATION_STATUS: numtests=74
INSTRUMENTATION_STATUS: stream=
INSTRUMENTATION_STATUS: test=renderSameHttpDtoMapperScenario[first_material_before_deadline]
INSTRUMENTATION_STATUS_CODE: 1
INSTRUMENTATION_STATUS: class=Phase6MockUiTest
INSTRUMENTATION_STATUS: current=20
INSTRUMENTATION_STATUS: id=AndroidJUnitRunner
INSTRUMENTATION_STATUS: numtests=74
INSTRUMENTATION_STATUS: stream=.
INSTRUMENTATION_STATUS: test=renderSameHttpDtoMapperScenario[first_material_before_deadline]
INSTRUMENTATION_STATUS_CODE: 0
INSTRUMENTATION_STATUS: class=Phase6MockUiTest
INSTRUMENTATION_STATUS: current=21
INSTRUMENTATION_STATUS: id=AndroidJUnitRunner
INSTRUMENTATION_STATUS: numtests=74
INSTRUMENTATION_STATUS: stream=
INSTRUMENTATION_STATUS: test=renderSameHttpDtoMapperScenario[first_material_exact_deadline_closed]
INSTRUMENTATION_STATUS_CODE: 1
INSTRUMENTATION_STATUS: class=Phase6MockUiTest
INSTRUMENTATION_STATUS: current=21
INSTRUMENTATION_STATUS: id=AndroidJUnitRunner
INSTRUMENTATION_STATUS: numtests=74
INSTRUMENTATION_STATUS: stream=.
INSTRUMENTATION_STATUS: test=renderSameHttpDtoMapperScenario[first_material_exact_deadline_closed]
INSTRUMENTATION_STATUS_CODE: 0
INSTRUMENTATION_STATUS: class=Phase6MockUiTest
INSTRUMENTATION_STATUS: current=22
INSTRUMENTATION_STATUS: id=AndroidJUnitRunner
INSTRUMENTATION_STATUS: numtests=74
INSTRUMENTATION_STATUS: stream=
INSTRUMENTATION_STATUS: test=renderSameHttpDtoMapperScenario[first_material_cached_cannot_write]
INSTRUMENTATION_STATUS_CODE: 1
INSTRUMENTATION_STATUS: class=Phase6MockUiTest
INSTRUMENTATION_STATUS: current=22
INSTRUMENTATION_STATUS: id=AndroidJUnitRunner
INSTRUMENTATION_STATUS: numtests=74
INSTRUMENTATION_STATUS: stream=.
INSTRUMENTATION_STATUS: test=renderSameHttpDtoMapperScenario[first_material_cached_cannot_write]
INSTRUMENTATION_STATUS_CODE: 0
INSTRUMENTATION_STATUS: class=Phase6MockUiTest
INSTRUMENTATION_STATUS: current=23
INSTRUMENTATION_STATUS: id=AndroidJUnitRunner
INSTRUMENTATION_STATUS: numtests=74
INSTRUMENTATION_STATUS: stream=
INSTRUMENTATION_STATUS: test=renderSameHttpDtoMapperScenario[first_receipt_alone_cannot_resume]
INSTRUMENTATION_STATUS_CODE: 1
INSTRUMENTATION_STATUS: class=Phase6MockUiTest
INSTRUMENTATION_STATUS: current=23
INSTRUMENTATION_STATUS: id=AndroidJUnitRunner
INSTRUMENTATION_STATUS: numtests=74
INSTRUMENTATION_STATUS: stream=.
INSTRUMENTATION_STATUS: test=renderSameHttpDtoMapperScenario[first_receipt_alone_cannot_resume]
INSTRUMENTATION_STATUS_CODE: 0
INSTRUMENTATION_STATUS: class=Phase6MockUiTest
INSTRUMENTATION_STATUS: current=24
INSTRUMENTATION_STATUS: id=AndroidJUnitRunner
INSTRUMENTATION_STATUS: numtests=74
INSTRUMENTATION_STATUS: stream=
INSTRUMENTATION_STATUS: test=renderSameHttpDtoMapperScenario[invitation_active_new_registration]
INSTRUMENTATION_STATUS_CODE: 1
INSTRUMENTATION_STATUS: class=Phase6MockUiTest
INSTRUMENTATION_STATUS: current=24
INSTRUMENTATION_STATUS: id=AndroidJUnitRunner
INSTRUMENTATION_STATUS: numtests=74
INSTRUMENTATION_STATUS: stream=.
INSTRUMENTATION_STATUS: test=renderSameHttpDtoMapperScenario[invitation_active_new_registration]
INSTRUMENTATION_STATUS_CODE: 0
INSTRUMENTATION_STATUS: class=Phase6MockUiTest
INSTRUMENTATION_STATUS: current=25
INSTRUMENTATION_STATUS: id=AndroidJUnitRunner
INSTRUMENTATION_STATUS: numtests=74
INSTRUMENTATION_STATUS: stream=
INSTRUMENTATION_STATUS: test=renderSameHttpDtoMapperScenario[invitation_join_closed]
INSTRUMENTATION_STATUS_CODE: 1
INSTRUMENTATION_STATUS: class=Phase6MockUiTest
INSTRUMENTATION_STATUS: current=25
INSTRUMENTATION_STATUS: id=AndroidJUnitRunner
INSTRUMENTATION_STATUS: numtests=74
INSTRUMENTATION_STATUS: stream=.
INSTRUMENTATION_STATUS: test=renderSameHttpDtoMapperScenario[invitation_join_closed]
INSTRUMENTATION_STATUS_CODE: 0
INSTRUMENTATION_STATUS: class=Phase6MockUiTest
INSTRUMENTATION_STATUS: current=26
INSTRUMENTATION_STATUS: id=AndroidJUnitRunner
INSTRUMENTATION_STATUS: numtests=74
INSTRUMENTATION_STATUS: stream=
INSTRUMENTATION_STATUS: test=renderSameHttpDtoMapperScenario[invitation_expired_new_flow_blocked]
INSTRUMENTATION_STATUS_CODE: 1
INSTRUMENTATION_STATUS: class=Phase6MockUiTest
INSTRUMENTATION_STATUS: current=26
INSTRUMENTATION_STATUS: id=AndroidJUnitRunner
INSTRUMENTATION_STATUS: numtests=74
INSTRUMENTATION_STATUS: stream=.
INSTRUMENTATION_STATUS: test=renderSameHttpDtoMapperScenario[invitation_expired_new_flow_blocked]
INSTRUMENTATION_STATUS_CODE: 0
INSTRUMENTATION_STATUS: class=Phase6MockUiTest
INSTRUMENTATION_STATUS: current=27
INSTRUMENTATION_STATUS: id=AndroidJUnitRunner
INSTRUMENTATION_STATUS: numtests=74
INSTRUMENTATION_STATUS: stream=
INSTRUMENTATION_STATUS: test=renderSameHttpDtoMapperScenario[endurance_raw_measured]
INSTRUMENTATION_STATUS_CODE: 1
INSTRUMENTATION_STATUS: class=Phase6MockUiTest
INSTRUMENTATION_STATUS: current=27
INSTRUMENTATION_STATUS: id=AndroidJUnitRunner
INSTRUMENTATION_STATUS: numtests=74
INSTRUMENTATION_STATUS: stream=.
INSTRUMENTATION_STATUS: test=renderSameHttpDtoMapperScenario[endurance_raw_measured]
INSTRUMENTATION_STATUS_CODE: 0
INSTRUMENTATION_STATUS: class=Phase6MockUiTest
INSTRUMENTATION_STATUS: current=28
INSTRUMENTATION_STATUS: id=AndroidJUnitRunner
INSTRUMENTATION_STATUS: numtests=74
INSTRUMENTATION_STATUS: stream=
INSTRUMENTATION_STATUS: test=renderSameHttpDtoMapperScenario[endurance_exempt]
INSTRUMENTATION_STATUS_CODE: 1
INSTRUMENTATION_STATUS: class=Phase6MockUiTest
INSTRUMENTATION_STATUS: current=28
INSTRUMENTATION_STATUS: id=AndroidJUnitRunner
INSTRUMENTATION_STATUS: numtests=74
INSTRUMENTATION_STATUS: stream=.
INSTRUMENTATION_STATUS: test=renderSameHttpDtoMapperScenario[endurance_exempt]
INSTRUMENTATION_STATUS_CODE: 0
INSTRUMENTATION_STATUS: class=Phase6MockUiTest
INSTRUMENTATION_STATUS: current=29
INSTRUMENTATION_STATUS: id=AndroidJUnitRunner
INSTRUMENTATION_STATUS: numtests=74
INSTRUMENTATION_STATUS: stream=
INSTRUMENTATION_STATUS: test=renderSameHttpDtoMapperScenario[applications_empty]
INSTRUMENTATION_STATUS_CODE: 1
INSTRUMENTATION_STATUS: class=Phase6MockUiTest
INSTRUMENTATION_STATUS: current=29
INSTRUMENTATION_STATUS: id=AndroidJUnitRunner
INSTRUMENTATION_STATUS: numtests=74
INSTRUMENTATION_STATUS: stream=.
INSTRUMENTATION_STATUS: test=renderSameHttpDtoMapperScenario[applications_empty]
INSTRUMENTATION_STATUS_CODE: 0
INSTRUMENTATION_STATUS: class=Phase6MockUiTest
INSTRUMENTATION_STATUS: current=30
INSTRUMENTATION_STATUS: id=AndroidJUnitRunner
INSTRUMENTATION_STATUS: numtests=74
INSTRUMENTATION_STATUS: stream=
INSTRUMENTATION_STATUS: test=renderSameHttpDtoMapperScenario[application_explicit_exemption_kind]
INSTRUMENTATION_STATUS_CODE: 1
INSTRUMENTATION_STATUS: class=Phase6MockUiTest
INSTRUMENTATION_STATUS: current=30
INSTRUMENTATION_STATUS: id=AndroidJUnitRunner
INSTRUMENTATION_STATUS: numtests=74
INSTRUMENTATION_STATUS: stream=.
INSTRUMENTATION_STATUS: test=renderSameHttpDtoMapperScenario[application_explicit_exemption_kind]
INSTRUMENTATION_STATUS_CODE: 0
INSTRUMENTATION_STATUS: class=Phase6MockUiTest
INSTRUMENTATION_STATUS: current=31
INSTRUMENTATION_STATUS: id=AndroidJUnitRunner
INSTRUMENTATION_STATUS: numtests=74
INSTRUMENTATION_STATUS: stream=
INSTRUMENTATION_STATUS: test=renderSameHttpDtoMapperScenario[notifications_explicit_target]
INSTRUMENTATION_STATUS_CODE: 1
INSTRUMENTATION_STATUS: class=Phase6MockUiTest
INSTRUMENTATION_STATUS: current=31
INSTRUMENTATION_STATUS: id=AndroidJUnitRunner
INSTRUMENTATION_STATUS: numtests=74
INSTRUMENTATION_STATUS: stream=.
INSTRUMENTATION_STATUS: test=renderSameHttpDtoMapperScenario[notifications_explicit_target]
INSTRUMENTATION_STATUS_CODE: 0
INSTRUMENTATION_STATUS: class=Phase6MockUiTest
INSTRUMENTATION_STATUS: current=32
INSTRUMENTATION_STATUS: id=AndroidJUnitRunner
INSTRUMENTATION_STATUS: numtests=74
INSTRUMENTATION_STATUS: stream=
INSTRUMENTATION_STATUS: test=renderSameHttpDtoMapperScenario[notifications_empty]
INSTRUMENTATION_STATUS_CODE: 1
INSTRUMENTATION_STATUS: class=Phase6MockUiTest
INSTRUMENTATION_STATUS: current=32
INSTRUMENTATION_STATUS: id=AndroidJUnitRunner
INSTRUMENTATION_STATUS: numtests=74
INSTRUMENTATION_STATUS: stream=.
INSTRUMENTATION_STATUS: test=renderSameHttpDtoMapperScenario[notifications_empty]
INSTRUMENTATION_STATUS_CODE: 0
INSTRUMENTATION_STATUS: class=Phase6MockUiTest
INSTRUMENTATION_STATUS: current=33
INSTRUMENTATION_STATUS: id=AndroidJUnitRunner
INSTRUMENTATION_STATUS: numtests=74
INSTRUMENTATION_STATUS: stream=
INSTRUMENTATION_STATUS: test=renderSameHttpDtoMapperScenario[feedback_empty]
INSTRUMENTATION_STATUS_CODE: 1
INSTRUMENTATION_STATUS: class=Phase6MockUiTest
INSTRUMENTATION_STATUS: current=33
INSTRUMENTATION_STATUS: id=AndroidJUnitRunner
INSTRUMENTATION_STATUS: numtests=74
INSTRUMENTATION_STATUS: stream=.
INSTRUMENTATION_STATUS: test=renderSameHttpDtoMapperScenario[feedback_empty]
INSTRUMENTATION_STATUS_CODE: 0
INSTRUMENTATION_STATUS: class=Phase6MockUiTest
INSTRUMENTATION_STATUS: current=34
INSTRUMENTATION_STATUS: id=AndroidJUnitRunner
INSTRUMENTATION_STATUS: numtests=74
INSTRUMENTATION_STATUS: stream=
INSTRUMENTATION_STATUS: test=renderSameHttpDtoMapperScenario[feedback_detail_deleted_email]
INSTRUMENTATION_STATUS_CODE: 1
INSTRUMENTATION_STATUS: class=Phase6MockUiTest
INSTRUMENTATION_STATUS: current=34
INSTRUMENTATION_STATUS: id=AndroidJUnitRunner
INSTRUMENTATION_STATUS: numtests=74
INSTRUMENTATION_STATUS: stream=.
INSTRUMENTATION_STATUS: test=renderSameHttpDtoMapperScenario[feedback_detail_deleted_email]
INSTRUMENTATION_STATUS_CODE: 0
INSTRUMENTATION_STATUS: class=Phase6MockUiTest
INSTRUMENTATION_STATUS: current=35
INSTRUMENTATION_STATUS: id=AndroidJUnitRunner
INSTRUMENTATION_STATUS: numtests=74
INSTRUMENTATION_STATUS: stream=
INSTRUMENTATION_STATUS: test=renderSameHttpDtoMapperScenario[help_public]
INSTRUMENTATION_STATUS_CODE: 1
INSTRUMENTATION_STATUS: class=Phase6MockUiTest
INSTRUMENTATION_STATUS: current=35
INSTRUMENTATION_STATUS: id=AndroidJUnitRunner
INSTRUMENTATION_STATUS: numtests=74
INSTRUMENTATION_STATUS: stream=.
INSTRUMENTATION_STATUS: test=renderSameHttpDtoMapperScenario[help_public]
INSTRUMENTATION_STATUS_CODE: 0
INSTRUMENTATION_STATUS: class=Phase6MockUiTest
INSTRUMENTATION_STATUS: current=36
INSTRUMENTATION_STATUS: id=AndroidJUnitRunner
INSTRUMENTATION_STATUS: numtests=74
INSTRUMENTATION_STATUS: stream=
INSTRUMENTATION_STATUS: test=renderSameHttpDtoMapperScenario[help_cached_read_only]
INSTRUMENTATION_STATUS_CODE: 1
INSTRUMENTATION_STATUS: class=Phase6MockUiTest
INSTRUMENTATION_STATUS: current=36
INSTRUMENTATION_STATUS: id=AndroidJUnitRunner
INSTRUMENTATION_STATUS: numtests=74
INSTRUMENTATION_STATUS: stream=.
INSTRUMENTATION_STATUS: test=renderSameHttpDtoMapperScenario[help_cached_read_only]
INSTRUMENTATION_STATUS_CODE: 0
INSTRUMENTATION_STATUS: class=Phase6MockUiTest
INSTRUMENTATION_STATUS: current=37
INSTRUMENTATION_STATUS: id=AndroidJUnitRunner
INSTRUMENTATION_STATUS: numtests=74
INSTRUMENTATION_STATUS: stream=
INSTRUMENTATION_STATUS: test=renderSameHttpDtoMapperScenario[release_forced_upgrade]
INSTRUMENTATION_STATUS_CODE: 1
INSTRUMENTATION_STATUS: class=Phase6MockUiTest
INSTRUMENTATION_STATUS: current=37
INSTRUMENTATION_STATUS: id=AndroidJUnitRunner
INSTRUMENTATION_STATUS: numtests=74
INSTRUMENTATION_STATUS: stream=.
INSTRUMENTATION_STATUS: test=renderSameHttpDtoMapperScenario[release_forced_upgrade]
INSTRUMENTATION_STATUS_CODE: 0
INSTRUMENTATION_STATUS: class=Phase6MockUiTest
INSTRUMENTATION_STATUS: current=38
INSTRUMENTATION_STATUS: id=AndroidJUnitRunner
INSTRUMENTATION_STATUS: numtests=74
INSTRUMENTATION_STATUS: stream=
INSTRUMENTATION_STATUS: test=renderSameHttpDtoMapperScenario[http_error_TOKEN_EXPIRED]
INSTRUMENTATION_STATUS_CODE: 1
INSTRUMENTATION_STATUS: class=Phase6MockUiTest
INSTRUMENTATION_STATUS: current=38
INSTRUMENTATION_STATUS: id=AndroidJUnitRunner
INSTRUMENTATION_STATUS: numtests=74
INSTRUMENTATION_STATUS: stream=.
INSTRUMENTATION_STATUS: test=renderSameHttpDtoMapperScenario[http_error_TOKEN_EXPIRED]
INSTRUMENTATION_STATUS_CODE: 0
INSTRUMENTATION_STATUS: class=Phase6MockUiTest
INSTRUMENTATION_STATUS: current=39
INSTRUMENTATION_STATUS: id=AndroidJUnitRunner
INSTRUMENTATION_STATUS: numtests=74
INSTRUMENTATION_STATUS: stream=
INSTRUMENTATION_STATUS: test=renderSameHttpDtoMapperScenario[http_error_AUTHENTICATION_REQUIRED]
INSTRUMENTATION_STATUS_CODE: 1
INSTRUMENTATION_STATUS: class=Phase6MockUiTest
INSTRUMENTATION_STATUS: current=39
INSTRUMENTATION_STATUS: id=AndroidJUnitRunner
INSTRUMENTATION_STATUS: numtests=74
INSTRUMENTATION_STATUS: stream=.
INSTRUMENTATION_STATUS: test=renderSameHttpDtoMapperScenario[http_error_AUTHENTICATION_REQUIRED]
INSTRUMENTATION_STATUS_CODE: 0
INSTRUMENTATION_STATUS: class=Phase6MockUiTest
INSTRUMENTATION_STATUS: current=40
INSTRUMENTATION_STATUS: id=AndroidJUnitRunner
INSTRUMENTATION_STATUS: numtests=74
INSTRUMENTATION_STATUS: stream=
INSTRUMENTATION_STATUS: test=renderSameHttpDtoMapperScenario[http_error_FORBIDDEN]
INSTRUMENTATION_STATUS_CODE: 1
INSTRUMENTATION_STATUS: class=Phase6MockUiTest
INSTRUMENTATION_STATUS: current=40
INSTRUMENTATION_STATUS: id=AndroidJUnitRunner
INSTRUMENTATION_STATUS: numtests=74
INSTRUMENTATION_STATUS: stream=.
INSTRUMENTATION_STATUS: test=renderSameHttpDtoMapperScenario[http_error_FORBIDDEN]
INSTRUMENTATION_STATUS_CODE: 0
INSTRUMENTATION_STATUS: class=Phase6MockUiTest
INSTRUMENTATION_STATUS: current=41
INSTRUMENTATION_STATUS: id=AndroidJUnitRunner
INSTRUMENTATION_STATUS: numtests=74
INSTRUMENTATION_STATUS: stream=
INSTRUMENTATION_STATUS: test=renderSameHttpDtoMapperScenario[http_error_SYSTEM_MAINTENANCE]
INSTRUMENTATION_STATUS_CODE: 1
INSTRUMENTATION_STATUS: class=Phase6MockUiTest
INSTRUMENTATION_STATUS: current=41
INSTRUMENTATION_STATUS: id=AndroidJUnitRunner
INSTRUMENTATION_STATUS: numtests=74
INSTRUMENTATION_STATUS: stream=.
INSTRUMENTATION_STATUS: test=renderSameHttpDtoMapperScenario[http_error_SYSTEM_MAINTENANCE]
INSTRUMENTATION_STATUS_CODE: 0
INSTRUMENTATION_STATUS: class=Phase6MockUiTest
INSTRUMENTATION_STATUS: current=42
INSTRUMENTATION_STATUS: id=AndroidJUnitRunner
INSTRUMENTATION_STATUS: numtests=74
INSTRUMENTATION_STATUS: stream=
INSTRUMENTATION_STATUS: test=renderSameHttpDtoMapperScenario[http_error_DEPENDENCY_UNAVAILABLE]
INSTRUMENTATION_STATUS_CODE: 1
INSTRUMENTATION_STATUS: class=Phase6MockUiTest
INSTRUMENTATION_STATUS: current=42
INSTRUMENTATION_STATUS: id=AndroidJUnitRunner
INSTRUMENTATION_STATUS: numtests=74
INSTRUMENTATION_STATUS: stream=.
INSTRUMENTATION_STATUS: test=renderSameHttpDtoMapperScenario[http_error_DEPENDENCY_UNAVAILABLE]
INSTRUMENTATION_STATUS_CODE: 0
INSTRUMENTATION_STATUS: class=Phase6MockUiTest
INSTRUMENTATION_STATUS: current=43
INSTRUMENTATION_STATUS: id=AndroidJUnitRunner
INSTRUMENTATION_STATUS: numtests=74
INSTRUMENTATION_STATUS: stream=
INSTRUMENTATION_STATUS: test=renderSameHttpDtoMapperScenario[http_error_INTERNAL_ERROR]
INSTRUMENTATION_STATUS_CODE: 1
INSTRUMENTATION_STATUS: class=Phase6MockUiTest
INSTRUMENTATION_STATUS: current=43
INSTRUMENTATION_STATUS: id=AndroidJUnitRunner
INSTRUMENTATION_STATUS: numtests=74
INSTRUMENTATION_STATUS: stream=.
INSTRUMENTATION_STATUS: test=renderSameHttpDtoMapperScenario[http_error_INTERNAL_ERROR]
INSTRUMENTATION_STATUS_CODE: 0
INSTRUMENTATION_STATUS: class=Phase6MockUiTest
INSTRUMENTATION_STATUS: current=44
INSTRUMENTATION_STATUS: id=AndroidJUnitRunner
INSTRUMENTATION_STATUS: numtests=74
INSTRUMENTATION_STATUS: stream=
INSTRUMENTATION_STATUS: test=renderSameHttpDtoMapperScenario[maintenance_estimate_does_not_unlock]
INSTRUMENTATION_STATUS_CODE: 1
INSTRUMENTATION_STATUS: class=Phase6MockUiTest
INSTRUMENTATION_STATUS: current=44
INSTRUMENTATION_STATUS: id=AndroidJUnitRunner
INSTRUMENTATION_STATUS: numtests=74
INSTRUMENTATION_STATUS: stream=.
INSTRUMENTATION_STATUS: test=renderSameHttpDtoMapperScenario[maintenance_estimate_does_not_unlock]
INSTRUMENTATION_STATUS_CODE: 0
INSTRUMENTATION_STATUS: class=Phase6MockRetryUiTest
INSTRUMENTATION_STATUS: current=45
INSTRUMENTATION_STATUS: id=AndroidJUnitRunner
INSTRUMENTATION_STATUS: numtests=74
INSTRUMENTATION_STATUS: stream=
Phase6MockRetryUiTest:
INSTRUMENTATION_STATUS: test=retryButtonRunsFreshModeAndReadOverMockHttp
INSTRUMENTATION_STATUS_CODE: 1
INSTRUMENTATION_STATUS: class=Phase6MockRetryUiTest
INSTRUMENTATION_STATUS: current=45
INSTRUMENTATION_STATUS: id=AndroidJUnitRunner
INSTRUMENTATION_STATUS: numtests=74
INSTRUMENTATION_STATUS: stream=.
INSTRUMENTATION_STATUS: test=retryButtonRunsFreshModeAndReadOverMockHttp
INSTRUMENTATION_STATUS_CODE: 0
INSTRUMENTATION_STATUS: class=Phase6DeviceBoundaryTest
INSTRUMENTATION_STATUS: current=46
INSTRUMENTATION_STATUS: id=AndroidJUnitRunner
INSTRUMENTATION_STATUS: numtests=74
INSTRUMENTATION_STATUS: stream=
Phase6DeviceBoundaryTest:
INSTRUMENTATION_STATUS: test=concatenatedJsonRejected
INSTRUMENTATION_STATUS_CODE: 1
INSTRUMENTATION_STATUS: class=Phase6DeviceBoundaryTest
INSTRUMENTATION_STATUS: current=46
INSTRUMENTATION_STATUS: id=AndroidJUnitRunner
INSTRUMENTATION_STATUS: numtests=74
INSTRUMENTATION_STATUS: stream=.
INSTRUMENTATION_STATUS: test=concatenatedJsonRejected
INSTRUMENTATION_STATUS_CODE: 0
INSTRUMENTATION_STATUS: class=Phase6DeviceBoundaryTest
INSTRUMENTATION_STATUS: current=47
INSTRUMENTATION_STATUS: id=AndroidJUnitRunner
INSTRUMENTATION_STATUS: numtests=74
INSTRUMENTATION_STATUS: stream=
INSTRUMENTATION_STATUS: test=alreadyReadyMaterialCannotResume
INSTRUMENTATION_STATUS_CODE: 1
INSTRUMENTATION_STATUS: class=Phase6DeviceBoundaryTest
INSTRUMENTATION_STATUS: current=47
INSTRUMENTATION_STATUS: id=AndroidJUnitRunner
INSTRUMENTATION_STATUS: numtests=74
INSTRUMENTATION_STATUS: stream=.
INSTRUMENTATION_STATUS: test=alreadyReadyMaterialCannotResume
INSTRUMENTATION_STATUS_CODE: 0
INSTRUMENTATION_STATUS: class=Phase6DeviceBoundaryTest
INSTRUMENTATION_STATUS: current=48
INSTRUMENTATION_STATUS: id=AndroidJUnitRunner
INSTRUMENTATION_STATUS: numtests=74
INSTRUMENTATION_STATUS: stream=
INSTRUMENTATION_STATUS: test=forbiddenStudentGradeRejected
INSTRUMENTATION_STATUS_CODE: 1
INSTRUMENTATION_STATUS: class=Phase6DeviceBoundaryTest
INSTRUMENTATION_STATUS: current=48
INSTRUMENTATION_STATUS: id=AndroidJUnitRunner
INSTRUMENTATION_STATUS: numtests=74
INSTRUMENTATION_STATUS: stream=.
INSTRUMENTATION_STATUS: test=forbiddenStudentGradeRejected
INSTRUMENTATION_STATUS_CODE: 0
INSTRUMENTATION_STATUS: class=Phase6DeviceBoundaryTest
INSTRUMENTATION_STATUS: current=49
INSTRUMENTATION_STATUS: id=AndroidJUnitRunner
INSTRUMENTATION_STATUS: numtests=74
INSTRUMENTATION_STATUS: stream=
INSTRUMENTATION_STATUS: test=receiptManifestMismatchRejected
INSTRUMENTATION_STATUS_CODE: 1
INSTRUMENTATION_STATUS: class=Phase6DeviceBoundaryTest
INSTRUMENTATION_STATUS: current=49
INSTRUMENTATION_STATUS: id=AndroidJUnitRunner
INSTRUMENTATION_STATUS: numtests=74
INSTRUMENTATION_STATUS: stream=.
INSTRUMENTATION_STATUS: test=receiptManifestMismatchRejected
INSTRUMENTATION_STATUS_CODE: 0
INSTRUMENTATION_STATUS: class=Phase6DeviceBoundaryTest
INSTRUMENTATION_STATUS: current=50
INSTRUMENTATION_STATUS: id=AndroidJUnitRunner
INSTRUMENTATION_STATUS: numtests=74
INSTRUMENTATION_STATUS: stream=
INSTRUMENTATION_STATUS: test=generatedSupplementPost201WaitsForServerReceipt
INSTRUMENTATION_STATUS_CODE: 1
INSTRUMENTATION_STATUS: class=Phase6DeviceBoundaryTest
INSTRUMENTATION_STATUS: current=50
INSTRUMENTATION_STATUS: id=AndroidJUnitRunner
INSTRUMENTATION_STATUS: numtests=74
INSTRUMENTATION_STATUS: stream=.
INSTRUMENTATION_STATUS: test=generatedSupplementPost201WaitsForServerReceipt
INSTRUMENTATION_STATUS_CODE: 0
INSTRUMENTATION_STATUS: class=Phase6DeviceBoundaryTest
INSTRUMENTATION_STATUS: current=51
INSTRUMENTATION_STATUS: id=AndroidJUnitRunner
INSTRUMENTATION_STATUS: numtests=74
INSTRUMENTATION_STATUS: stream=
INSTRUMENTATION_STATUS: test=freshNormalIsRequiredToRecoverFromMaintenance
INSTRUMENTATION_STATUS_CODE: 1
INSTRUMENTATION_STATUS: class=Phase6DeviceBoundaryTest
INSTRUMENTATION_STATUS: current=51
INSTRUMENTATION_STATUS: id=AndroidJUnitRunner
INSTRUMENTATION_STATUS: numtests=74
INSTRUMENTATION_STATUS: stream=.
INSTRUMENTATION_STATUS: test=freshNormalIsRequiredToRecoverFromMaintenance
INSTRUMENTATION_STATUS_CODE: 0
INSTRUMENTATION_STATUS: class=Phase6DeviceBoundaryTest
INSTRUMENTATION_STATUS: current=52
INSTRUMENTATION_STATUS: id=AndroidJUnitRunner
INSTRUMENTATION_STATUS: numtests=74
INSTRUMENTATION_STATUS: stream=
INSTRUMENTATION_STATUS: test=nonUtf8Rejected
INSTRUMENTATION_STATUS_CODE: 1
INSTRUMENTATION_STATUS: class=Phase6DeviceBoundaryTest
INSTRUMENTATION_STATUS: current=52
INSTRUMENTATION_STATUS: id=AndroidJUnitRunner
INSTRUMENTATION_STATUS: numtests=74
INSTRUMENTATION_STATUS: stream=.
INSTRUMENTATION_STATUS: test=nonUtf8Rejected
INSTRUMENTATION_STATUS_CODE: 0
INSTRUMENTATION_STATUS: class=Phase6DeviceBoundaryTest
INSTRUMENTATION_STATUS: current=53
INSTRUMENTATION_STATUS: id=AndroidJUnitRunner
INSTRUMENTATION_STATUS: numtests=74
INSTRUMENTATION_STATUS: stream=
INSTRUMENTATION_STATUS: test=unexpected204IsNotEmpty
INSTRUMENTATION_STATUS_CODE: 1
INSTRUMENTATION_STATUS: class=Phase6DeviceBoundaryTest
INSTRUMENTATION_STATUS: current=53
INSTRUMENTATION_STATUS: id=AndroidJUnitRunner
INSTRUMENTATION_STATUS: numtests=74
INSTRUMENTATION_STATUS: stream=.
INSTRUMENTATION_STATUS: test=unexpected204IsNotEmpty
INSTRUMENTATION_STATUS_CODE: 0
INSTRUMENTATION_STATUS: class=Phase6DeviceBoundaryTest
INSTRUMENTATION_STATUS: current=54
INSTRUMENTATION_STATUS: id=AndroidJUnitRunner
INSTRUMENTATION_STATUS: numtests=74
INSTRUMENTATION_STATUS: stream=
INSTRUMENTATION_STATUS: test=transportFailureCannotBecomeMaintenanceOrEmpty
INSTRUMENTATION_STATUS_CODE: 1
INSTRUMENTATION_STATUS: class=Phase6DeviceBoundaryTest
INSTRUMENTATION_STATUS: current=54
INSTRUMENTATION_STATUS: id=AndroidJUnitRunner
INSTRUMENTATION_STATUS: numtests=74
INSTRUMENTATION_STATUS: stream=.
INSTRUMENTATION_STATUS: test=transportFailureCannotBecomeMaintenanceOrEmpty
INSTRUMENTATION_STATUS_CODE: 0
INSTRUMENTATION_STATUS: class=Phase6DeviceBoundaryTest
INSTRUMENTATION_STATUS: current=55
INSTRUMENTATION_STATUS: id=AndroidJUnitRunner
INSTRUMENTATION_STATUS: numtests=74
INSTRUMENTATION_STATUS: stream=
INSTRUMENTATION_STATUS: test=technicalStageWithoutCaseIdentityRejected
INSTRUMENTATION_STATUS_CODE: 1
INSTRUMENTATION_STATUS: class=Phase6DeviceBoundaryTest
INSTRUMENTATION_STATUS: current=55
INSTRUMENTATION_STATUS: id=AndroidJUnitRunner
INSTRUMENTATION_STATUS: numtests=74
INSTRUMENTATION_STATUS: stream=.
INSTRUMENTATION_STATUS: test=technicalStageWithoutCaseIdentityRejected
INSTRUMENTATION_STATUS_CODE: 0
INSTRUMENTATION_STATUS: class=Phase6DeviceBoundaryTest
INSTRUMENTATION_STATUS: current=56
INSTRUMENTATION_STATUS: id=AndroidJUnitRunner
INSTRUMENTATION_STATUS: numtests=74
INSTRUMENTATION_STATUS: stream=
INSTRUMENTATION_STATUS: test=redirectIsNotFollowed
INSTRUMENTATION_STATUS_CODE: 1
INSTRUMENTATION_STATUS: class=Phase6DeviceBoundaryTest
INSTRUMENTATION_STATUS: current=56
INSTRUMENTATION_STATUS: id=AndroidJUnitRunner
INSTRUMENTATION_STATUS: numtests=74
INSTRUMENTATION_STATUS: stream=.
INSTRUMENTATION_STATUS: test=redirectIsNotFollowed
INSTRUMENTATION_STATUS_CODE: 0
INSTRUMENTATION_STATUS: class=Phase6DeviceBoundaryTest
INSTRUMENTATION_STATUS: current=57
INSTRUMENTATION_STATUS: id=AndroidJUnitRunner
INSTRUMENTATION_STATUS: numtests=74
INSTRUMENTATION_STATUS: stream=
INSTRUMENTATION_STATUS: test=htmlSuccessIsNotEmpty
INSTRUMENTATION_STATUS_CODE: 1
INSTRUMENTATION_STATUS: class=Phase6DeviceBoundaryTest
INSTRUMENTATION_STATUS: current=57
INSTRUMENTATION_STATUS: id=AndroidJUnitRunner
INSTRUMENTATION_STATUS: numtests=74
INSTRUMENTATION_STATUS: stream=.
INSTRUMENTATION_STATUS: test=htmlSuccessIsNotEmpty
INSTRUMENTATION_STATUS_CODE: 0
INSTRUMENTATION_STATUS: class=Phase6DeviceBoundaryTest
INSTRUMENTATION_STATUS: current=58
INSTRUMENTATION_STATUS: id=AndroidJUnitRunner
INSTRUMENTATION_STATUS: numtests=74
INSTRUMENTATION_STATUS: stream=
INSTRUMENTATION_STATUS: test=staleResponseCannotOverwriteNewScreenAndLoadingIsObservable
INSTRUMENTATION_STATUS_CODE: 1
INSTRUMENTATION_STATUS: class=Phase6DeviceBoundaryTest
INSTRUMENTATION_STATUS: current=58
INSTRUMENTATION_STATUS: id=AndroidJUnitRunner
INSTRUMENTATION_STATUS: numtests=74
INSTRUMENTATION_STATUS: stream=.
INSTRUMENTATION_STATUS: test=staleResponseCannotOverwriteNewScreenAndLoadingIsObservable
INSTRUMENTATION_STATUS_CODE: 0
INSTRUMENTATION_STATUS: class=Phase6DeviceBoundaryTest
INSTRUMENTATION_STATUS: current=59
INSTRUMENTATION_STATUS: id=AndroidJUnitRunner
INSTRUMENTATION_STATUS: numtests=74
INSTRUMENTATION_STATUS: stream=
INSTRUMENTATION_STATUS: test=supplement409RequiresRefreshAndNeverAutoResubmits
INSTRUMENTATION_STATUS_CODE: 1
INSTRUMENTATION_STATUS: class=Phase6DeviceBoundaryTest
INSTRUMENTATION_STATUS: current=59
INSTRUMENTATION_STATUS: id=AndroidJUnitRunner
INSTRUMENTATION_STATUS: numtests=74
INSTRUMENTATION_STATUS: stream=.
INSTRUMENTATION_STATUS: test=supplement409RequiresRefreshAndNeverAutoResubmits
INSTRUMENTATION_STATUS_CODE: 0
INSTRUMENTATION_STATUS: class=Phase6DeviceBoundaryTest
INSTRUMENTATION_STATUS: current=60
INSTRUMENTATION_STATUS: id=AndroidJUnitRunner
INSTRUMENTATION_STATUS: numtests=74
INSTRUMENTATION_STATUS: stream=
INSTRUMENTATION_STATUS: test=notificationDisclosureIsNotRendered
INSTRUMENTATION_STATUS_CODE: 1
INSTRUMENTATION_STATUS: class=Phase6DeviceBoundaryTest
INSTRUMENTATION_STATUS: current=60
INSTRUMENTATION_STATUS: id=AndroidJUnitRunner
INSTRUMENTATION_STATUS: numtests=74
INSTRUMENTATION_STATUS: stream=.
INSTRUMENTATION_STATUS: test=notificationDisclosureIsNotRendered
INSTRUMENTATION_STATUS_CODE: 0
INSTRUMENTATION_STATUS: class=Phase6DeviceBoundaryTest
INSTRUMENTATION_STATUS: current=61
INSTRUMENTATION_STATUS: id=AndroidJUnitRunner
INSTRUMENTATION_STATUS: numtests=74
INSTRUMENTATION_STATUS: stream=
INSTRUMENTATION_STATUS: test=failedReleaseRefreshKeepsForcedUpgradeVisible
INSTRUMENTATION_STATUS_CODE: 1
INSTRUMENTATION_STATUS: class=Phase6DeviceBoundaryTest
INSTRUMENTATION_STATUS: current=61
INSTRUMENTATION_STATUS: id=AndroidJUnitRunner
INSTRUMENTATION_STATUS: numtests=74
INSTRUMENTATION_STATUS: stream=.
INSTRUMENTATION_STATUS: test=failedReleaseRefreshKeepsForcedUpgradeVisible
INSTRUMENTATION_STATUS_CODE: 0
INSTRUMENTATION_STATUS: class=Phase6DeviceBoundaryTest
INSTRUMENTATION_STATUS: current=62
INSTRUMENTATION_STATUS: id=AndroidJUnitRunner
INSTRUMENTATION_STATUS: numtests=74
INSTRUMENTATION_STATUS: stream=
INSTRUMENTATION_STATUS: test=lockedResumeNeedsFreshMatchingCurrentMaterial
INSTRUMENTATION_STATUS_CODE: 1
INSTRUMENTATION_STATUS: class=Phase6DeviceBoundaryTest
INSTRUMENTATION_STATUS: current=62
INSTRUMENTATION_STATUS: id=AndroidJUnitRunner
INSTRUMENTATION_STATUS: numtests=74
INSTRUMENTATION_STATUS: stream=.
INSTRUMENTATION_STATUS: test=lockedResumeNeedsFreshMatchingCurrentMaterial
INSTRUMENTATION_STATUS_CODE: 0
INSTRUMENTATION_STATUS: class=Phase6DeviceBoundaryTest
INSTRUMENTATION_STATUS: current=63
INSTRUMENTATION_STATUS: id=AndroidJUnitRunner
INSTRUMENTATION_STATUS: numtests=74
INSTRUMENTATION_STATUS: stream=
INSTRUMENTATION_STATUS: test=malformedJsonIsInvalidResponseNotTransport
INSTRUMENTATION_STATUS_CODE: 1
INSTRUMENTATION_STATUS: class=Phase6DeviceBoundaryTest
INSTRUMENTATION_STATUS: current=63
INSTRUMENTATION_STATUS: id=AndroidJUnitRunner
INSTRUMENTATION_STATUS: numtests=74
INSTRUMENTATION_STATUS: stream=.
INSTRUMENTATION_STATUS: test=malformedJsonIsInvalidResponseNotTransport
INSTRUMENTATION_STATUS_CODE: 0
INSTRUMENTATION_STATUS: class=Phase6DeviceBoundaryTest
INSTRUMENTATION_STATUS: current=64
INSTRUMENTATION_STATUS: id=AndroidJUnitRunner
INSTRUMENTATION_STATUS: numtests=74
INSTRUMENTATION_STATUS: stream=
INSTRUMENTATION_STATUS: test=missingRequiredNullableRejected
INSTRUMENTATION_STATUS_CODE: 1
INSTRUMENTATION_STATUS: class=Phase6DeviceBoundaryTest
INSTRUMENTATION_STATUS: current=64
INSTRUMENTATION_STATUS: id=AndroidJUnitRunner
INSTRUMENTATION_STATUS: numtests=74
INSTRUMENTATION_STATUS: stream=.
INSTRUMENTATION_STATUS: test=missingRequiredNullableRejected
INSTRUMENTATION_STATUS_CODE: 0
INSTRUMENTATION_STATUS: class=Phase6DeviceBoundaryTest
INSTRUMENTATION_STATUS: current=65
INSTRUMENTATION_STATUS: id=AndroidJUnitRunner
INSTRUMENTATION_STATUS: numtests=74
INSTRUMENTATION_STATUS: stream=
INSTRUMENTATION_STATUS: test=unknownEnumRejected
INSTRUMENTATION_STATUS_CODE: 1
INSTRUMENTATION_STATUS: class=Phase6DeviceBoundaryTest
INSTRUMENTATION_STATUS: current=65
INSTRUMENTATION_STATUS: id=AndroidJUnitRunner
INSTRUMENTATION_STATUS: numtests=74
INSTRUMENTATION_STATUS: stream=.
INSTRUMENTATION_STATUS: test=unknownEnumRejected
INSTRUMENTATION_STATUS_CODE: 0
INSTRUMENTATION_STATUS: class=Phase6DeviceBoundaryTest
INSTRUMENTATION_STATUS: current=66
INSTRUMENTATION_STATUS: id=AndroidJUnitRunner
INSTRUMENTATION_STATUS: numtests=74
INSTRUMENTATION_STATUS: stream=
INSTRUMENTATION_STATUS: test=duplicateJsonMembersRejected
INSTRUMENTATION_STATUS_CODE: 1
INSTRUMENTATION_STATUS: class=Phase6DeviceBoundaryTest
INSTRUMENTATION_STATUS: current=66
INSTRUMENTATION_STATUS: id=AndroidJUnitRunner
INSTRUMENTATION_STATUS: numtests=74
INSTRUMENTATION_STATUS: stream=.
INSTRUMENTATION_STATUS: test=duplicateJsonMembersRejected
INSTRUMENTATION_STATUS_CODE: 0
INSTRUMENTATION_STATUS: class=Phase6DeviceBoundaryTest
INSTRUMENTATION_STATUS: current=67
INSTRUMENTATION_STATUS: id=AndroidJUnitRunner
INSTRUMENTATION_STATUS: numtests=74
INSTRUMENTATION_STATUS: stream=
INSTRUMENTATION_STATUS: test=invalidationDisablesPreviouslyAvailableWrite
INSTRUMENTATION_STATUS_CODE: 1
INSTRUMENTATION_STATUS: class=Phase6DeviceBoundaryTest
INSTRUMENTATION_STATUS: current=67
INSTRUMENTATION_STATUS: id=AndroidJUnitRunner
INSTRUMENTATION_STATUS: numtests=74
INSTRUMENTATION_STATUS: stream=.
INSTRUMENTATION_STATUS: test=invalidationDisablesPreviouslyAvailableWrite
INSTRUMENTATION_STATUS_CODE: 0
INSTRUMENTATION_STATUS: class=Phase6DeviceBoundaryTest
INSTRUMENTATION_STATUS: current=68
INSTRUMENTATION_STATUS: id=AndroidJUnitRunner
INSTRUMENTATION_STATUS: numtests=74
INSTRUMENTATION_STATUS: stream=
INSTRUMENTATION_STATUS: test=literalLoopbackOnly
INSTRUMENTATION_STATUS_CODE: 1
INSTRUMENTATION_STATUS: class=Phase6DeviceBoundaryTest
INSTRUMENTATION_STATUS: current=68
INSTRUMENTATION_STATUS: id=AndroidJUnitRunner
INSTRUMENTATION_STATUS: numtests=74
INSTRUMENTATION_STATUS: stream=.
INSTRUMENTATION_STATUS: test=literalLoopbackOnly
INSTRUMENTATION_STATUS_CODE: 0
INSTRUMENTATION_STATUS: class=Phase6DeviceBoundaryTest
INSTRUMENTATION_STATUS: current=69
INSTRUMENTATION_STATUS: id=AndroidJUnitRunner
INSTRUMENTATION_STATUS: numtests=74
INSTRUMENTATION_STATUS: stream=
INSTRUMENTATION_STATUS: test=staleSupplementCommandDoesNotSendPost
INSTRUMENTATION_STATUS_CODE: 1
INSTRUMENTATION_STATUS: class=Phase6DeviceBoundaryTest
INSTRUMENTATION_STATUS: current=69
INSTRUMENTATION_STATUS: id=AndroidJUnitRunner
INSTRUMENTATION_STATUS: numtests=74
INSTRUMENTATION_STATUS: stream=.
INSTRUMENTATION_STATUS: test=staleSupplementCommandDoesNotSendPost
INSTRUMENTATION_STATUS_CODE: 0
INSTRUMENTATION_STATUS: class=Phase6DeviceBoundaryTest
INSTRUMENTATION_STATUS: current=70
INSTRUMENTATION_STATUS: id=AndroidJUnitRunner
INSTRUMENTATION_STATUS: numtests=74
INSTRUMENTATION_STATUS: stream=
INSTRUMENTATION_STATUS: test=cachedReceiptCannotTriggerAnyResumeRead
INSTRUMENTATION_STATUS_CODE: 1
INSTRUMENTATION_STATUS: class=Phase6DeviceBoundaryTest
INSTRUMENTATION_STATUS: current=70
INSTRUMENTATION_STATUS: id=AndroidJUnitRunner
INSTRUMENTATION_STATUS: numtests=74
INSTRUMENTATION_STATUS: stream=.
INSTRUMENTATION_STATUS: test=cachedReceiptCannotTriggerAnyResumeRead
INSTRUMENTATION_STATUS_CODE: 0
INSTRUMENTATION_STATUS: class=Phase6DeviceBoundaryTest
INSTRUMENTATION_STATUS: current=71
INSTRUMENTATION_STATUS: id=AndroidJUnitRunner
INSTRUMENTATION_STATUS: numtests=74
INSTRUMENTATION_STATUS: stream=
INSTRUMENTATION_STATUS: test=exactTransferDeadlineCannotResume
INSTRUMENTATION_STATUS_CODE: 1
INSTRUMENTATION_STATUS: class=Phase6DeviceBoundaryTest
INSTRUMENTATION_STATUS: current=71
INSTRUMENTATION_STATUS: id=AndroidJUnitRunner
INSTRUMENTATION_STATUS: numtests=74
INSTRUMENTATION_STATUS: stream=.
INSTRUMENTATION_STATUS: test=exactTransferDeadlineCannotResume
INSTRUMENTATION_STATUS_CODE: 0
INSTRUMENTATION_STATUS: class=Phase6DeviceBoundaryTest
INSTRUMENTATION_STATUS: current=72
INSTRUMENTATION_STATUS: id=AndroidJUnitRunner
INSTRUMENTATION_STATUS: numtests=74
INSTRUMENTATION_STATUS: stream=
INSTRUMENTATION_STATUS: test=invalidConstructedRequestNeverLeavesDeviceAndBecomesPageError
INSTRUMENTATION_STATUS_CODE: 1
INSTRUMENTATION_STATUS: class=Phase6DeviceBoundaryTest
INSTRUMENTATION_STATUS: current=72
INSTRUMENTATION_STATUS: id=AndroidJUnitRunner
INSTRUMENTATION_STATUS: numtests=74
INSTRUMENTATION_STATUS: stream=.
INSTRUMENTATION_STATUS: test=invalidConstructedRequestNeverLeavesDeviceAndBecomesPageError
INSTRUMENTATION_STATUS_CODE: 0
INSTRUMENTATION_STATUS: class=Phase6DeviceSchemaTest
INSTRUMENTATION_STATUS: current=73
INSTRUMENTATION_STATUS: id=AndroidJUnitRunner
INSTRUMENTATION_STATUS: numtests=74
INSTRUMENTATION_STATUS: stream=
Phase6DeviceSchemaTest:
INSTRUMENTATION_STATUS: test=publishedCorpusOnAndroid
INSTRUMENTATION_STATUS_CODE: 1
INSTRUMENTATION_STATUS: class=Phase6DeviceSchemaTest
INSTRUMENTATION_STATUS: current=73
INSTRUMENTATION_STATUS: id=AndroidJUnitRunner
INSTRUMENTATION_STATUS: numtests=74
INSTRUMENTATION_STATUS: stream=.
INSTRUMENTATION_STATUS: test=publishedCorpusOnAndroid
INSTRUMENTATION_STATUS_CODE: 0
INSTRUMENTATION_STATUS: class=Phase6DeviceSchemaTest
INSTRUMENTATION_STATUS: current=74
INSTRUMENTATION_STATUS: id=AndroidJUnitRunner
INSTRUMENTATION_STATUS: numtests=74
INSTRUMENTATION_STATUS: stream=
INSTRUMENTATION_STATUS: test=supplementalCorpusOnAndroid
INSTRUMENTATION_STATUS_CODE: 1
INSTRUMENTATION_STATUS: class=Phase6DeviceSchemaTest
INSTRUMENTATION_STATUS: current=74
INSTRUMENTATION_STATUS: id=AndroidJUnitRunner
INSTRUMENTATION_STATUS: numtests=74
INSTRUMENTATION_STATUS: stream=.
INSTRUMENTATION_STATUS: test=supplementalCorpusOnAndroid
INSTRUMENTATION_STATUS_CODE: 0
INSTRUMENTATION_RESULT: stream=

Time: 223.024

OK (74 tests)


INSTRUMENTATION_CODE: -1
