TAP version 13
# Subtest: H migration down/up and nullable ordinary FK: real insert/read preserves Shanghai date
ok 1 - H migration down/up and nullable ordinary FK: real insert/read preserves Shanghai date
  ---
  duration_ms: 110.460057
  type: 'test'
  ...
# Subtest: real pause/resume/complete accumulates milliseconds and preserves original date
ok 2 - real pause/resume/complete accumulates milliseconds and preserves original date
  ---
  duration_ms: 16.319475
  type: 'test'
  ...
# Subtest: composite enrollment and rule keys reject mixed identities
ok 3 - composite enrollment and rule keys reject mixed identities
  ---
  duration_ms: 5.546161
  type: 'test'
  ...
# Subtest: two actual competing starts produce exactly one durable active session
ok 4 - two actual competing starts produce exactly one durable active session
  ---
  duration_ms: 7.920317
  type: 'test'
  ...
# Subtest: subsequent audit failure rolls back inserted Session and interval together
ok 5 - subsequent audit failure rolls back inserted Session and interval together
  ---
  duration_ms: 7.68142
  type: 'test'
  ...
# Subtest: active deletion blocker uses same transaction; stale version leaves timing unchanged
ok 6 - active deletion blocker uses same transaction; stale version leaves timing unchanged
  ---
  duration_ms: 11.153774
  type: 'test'
  ...
# Subtest: scope cannot be used after transaction end and cross-org read has no facts
ok 7 - scope cannot be used after transaction end and cross-org read has no facts
  ---
  duration_ms: 6.208616
  type: 'test'
  ...
# Subtest: direct SQL cannot rewrite original identity or duration; incomplete interval set cannot commit
ok 8 - direct SQL cannot rewrite original identity or duration; incomplete interval set cannot commit
  ---
  duration_ms: 10.361431
  type: 'test'
  ...
# Subtest: paused completion excludes pause; settled timing remains immutable
ok 9 - paused completion excludes pause; settled timing remains immutable
  ---
  duration_ms: 13.005658
  type: 'test'
  ...
# Subtest: subject closure and waiting start serialize even before any Session exists
ok 10 - subject closure and waiting start serialize even before any Session exists
  ---
  duration_ms: 17.734398
  type: 'test'
  ...
# Subtest: Record concurrent same-key accepts exactly one immutable receipt/audit/outbox
ok 11 - Record concurrent same-key accepts exactly one immutable receipt/audit/outbox
  ---
  duration_ms: 34.973923
  type: 'test'
  ...
# Subtest: Record replay normalizes UUID/description and survives maintenance but not lost identity
ok 12 - Record replay normalizes UUID/description and survives maintenance but not lost identity
  ---
  duration_ms: 21.780105
  type: 'test'
  ...
# Subtest: Record audit and outbox SQL failures roll back record, members and replay
ok 13 - Record audit and outbox SQL failures roll back record, members and replay
  ---
  duration_ms: 38.760716
  type: 'test'
  ...
# Subtest: Record command rejects stale session, wrong activity, cross-owner media and deadline equality
ok 14 - Record command rejects stale session, wrong activity, cross-owner media and deadline equality
  ---
  duration_ms: 21.684518
  type: 'test'
  ...
# Subtest: Record verified acceptance retains transfer microseconds; checksum mismatch never commits
ok 15 - Record verified acceptance retains transfer microseconds; checksum mismatch never commits
  ---
  duration_ms: 19.017145
  type: 'test'
  ...
# Subtest: Record real HTTP accepts frozen Contract request and immutable 201 response
ok 16 - Record real HTTP accepts frozen Contract request and immutable 201 response
  ---
  duration_ms: 392.815487
  type: 'test'
  ...
# Subtest: Record offline route requires both verified phases, no continuation deadline and atomic binding
ok 17 - Record offline route requires both verified phases, no continuation deadline and atomic binding
  ---
  duration_ms: 256.31436
  type: 'test'
  ...
# Subtest: pending material preparation does not fabricate ready event or binding
ok 18 - pending material preparation does not fabricate ready event or binding
  ---
  duration_ms: 16.180596
  type: 'test'
  ...
# Subtest: on-time immutable bytes remain eligible after late inspection; prepare binds once
ok 19 - on-time immutable bytes remain eligible after late inspection; prepare binds once
  ---
  duration_ms: 18.71956
  type: 'test'
  ...
# Subtest: two preparation workers serialize and keep one durable event
ok 20 - two preparation workers serialize and keep one durable event
  ---
  duration_ms: 29.834038
  type: 'test'
  ...
# Subtest: ready event SQL failure rolls back material binding
ok 21 - ready event SQL failure rolls back material binding
  ---
  duration_ms: 40.930219
  type: 'test'
  ...
# Subtest: preparation rejects wrong original batch/owner and unavailable authoritative timeline
ok 22 - preparation rejects wrong original batch/owner and unavailable authoritative timeline
  ---
  duration_ms: 17.313034
  type: 'test'
  ...
# Subtest: preparation rejects bytes at exact transfer endpoint without a review verdict
ok 23 - preparation rejects bytes at exact transfer endpoint without a review verdict
  ---
  duration_ms: 15.464082
  type: 'test'
  ...
# Subtest: preparation cannot use inspection evidence from after its observation time
ok 24 - preparation cannot use inspection evidence from after its observation time
  ---
  duration_ms: 19.873839
  type: 'test'
  ...
# Subtest: application start replay is encrypted, byte-stable and does not reapply expired admission
ok 25 - application start replay is encrypted, byte-stable and does not reapply expired admission
  ---
  duration_ms: 7.71335
  type: 'test'
  ...
# Subtest: application concurrent identical commands commit once and return identical result
ok 26 - application concurrent identical commands commit once and return identical result
  ---
  duration_ms: 5.381905
  type: 'test'
  ...
# Subtest: changed command with same key is rejected and live identity is checked before replay
ok 27 - changed command with same key is rejected and live identity is checked before replay
  ---
  duration_ms: 6.948373
  type: 'test'
  ...
# Subtest: real audit FK failure rolls back Session, intervals and replay; same command can then succeed
ok 28 - real audit FK failure rolls back Session, intervals and replay; same command can then succeed
  ---
  duration_ms: 9.954411
  type: 'test'
  ...
# Subtest: application transitions use original chain; replay cannot add time or repeat audit
ok 29 - application transitions use original chain; replay cannot add time or repeat audit
  ---
  duration_ms: 11.630727
  type: 'test'
  ...
# Subtest: real HTTP -> module routes -> application -> PostgreSQL follows frozen request/response Contract
ok 30 - real HTTP -> module routes -> application -> PostgreSQL follows frozen request/response Contract
  ---
  duration_ms: 255.083665
  type: 'test'
  ...
# Subtest: first manifest locks ALLOCATED assets without claiming their technical readiness
ok 31 - first manifest locks ALLOCATED assets without claiming their technical readiness
  ---
  duration_ms: 7.94994
  type: 'test'
  ...
# Subtest: record cannot refer to ACTIVE Session or take a second first receipt
ok 32 - record cannot refer to ACTIVE Session or take a second first receipt
  ---
  duration_ms: 6.109531
  type: 'test'
  ...
# Subtest: locked manifest cannot gain new members after acceptance, nor rewrite original links
ok 33 - locked manifest cannot gain new members after acceptance, nor rewrite original links
  ---
  duration_ms: 20.751771
  type: 'test'
  ...
# Subtest: material rejects cross-owner asset and empty/missing membership cannot commit
ok 34 - material rejects cross-owner asset and empty/missing membership cannot commit
  ---
  duration_ms: 17.520067
  type: 'test'
  ...
# Subtest: authoritative transfer microseconds retained; invalid video cannot become VERIFIED
ok 35 - authoritative transfer microseconds retained; invalid video cannot become VERIFIED
  ---
  duration_ms: 5.890004
  type: 'test'
  ...
# Subtest: verified object identity is immutable and binding must reference same Record owner/session
ok 36 - verified object identity is immutable and binding must reference same Record owner/session
  ---
  duration_ms: 18.505504
  type: 'test'
  ...
# Subtest: media repository preserves exact completion and verified facts through binding and replay
ok 37 - media repository preserves exact completion and verified facts through binding and replay
  ---
  duration_ms: 17.953047
  type: 'test'
  ...
# Subtest: media repository denies wrong owner, duplicate identifiers and stale object inspections
ok 38 - media repository denies wrong owner, duplicate identifiers and stale object inspections
  ---
  duration_ms: 12.087859
  type: 'test'
  ...
# Subtest: media batch binding rolls back earlier updates if any locked member is not ready
ok 39 - media batch binding rolls back earlier updates if any locked member is not ready
  ---
  duration_ms: 9.258001
  type: 'test'
  ...
# Subtest: record repository persists exact receipt and ordered immutable asset set
ok 40 - record repository persists exact receipt and ordered immutable asset set
  ---
  duration_ms: 8.226134
  type: 'test'
  ...
# Subtest: record repository rejects reordered batch before writes and cannot renew first acceptance
ok 41 - record repository rejects reordered batch before writes and cannot renew first acceptance
  ---
  duration_ms: 9.162994
  type: 'test'
  ...
# Subtest: record repository and media binding participate in the same rollback boundary
ok 42 - record repository and media binding participate in the same rollback boundary
  ---
  duration_ms: 7.17344
  type: 'test'
  ...
# Subtest: transfer application uses authoritative completion rather than later request time or content readiness
ok 43 - transfer application uses authoritative completion rather than later request time or content readiness
  ---
  duration_ms: 9.159638
  type: 'test'
  ...
# Subtest: transfer application rejects exact deadline, foreign owner and a substituted batch
ok 44 - transfer application rejects exact deadline, foreign owner and a substituted batch
  ---
  duration_ms: 7.593879
  type: 'test'
  ...
# Subtest: offline timing receipt persists null continuation and requires pre-acceptance inspection facts
ok 45 - offline timing receipt persists null continuation and requires pre-acceptance inspection facts
  ---
  duration_ms: 6.898617
  type: 'test'
  ...
# Subtest: database disallows offline continuation deadlines and null ordinary deadlines
ok 46 - database disallows offline continuation deadlines and null ordinary deadlines
  ---
  duration_ms: 14.687664
  type: 'test'
  ...
# Subtest: declared checksum is immutable and different inspected content cannot become a ready material
ok 47 - declared checksum is immutable and different inspected content cannot become a ready material
  ---
  duration_ms: 15.80986
  type: 'test'
  ...
# Subtest: noncontiguous Contract positions persist without renumbering; input array order is canonicalized
ok 48 - noncontiguous Contract positions persist without renumbering; input array order is canonicalized
  ---
  duration_ms: 14.629547
  type: 'test'
  ...
# Subtest: maintenance permits exact committed start/transition replay but forbids a new command
ok 49 - maintenance permits exact committed start/transition replay but forbids a new command
  ---
  duration_ms: 11.261745
  type: 'test'
  ...
# Subtest: session query allows original owner and completed responsible-teacher projection only
ok 50 - session query allows original owner and completed responsible-teacher projection only
  ---
  duration_ms: 9.723754
  type: 'test'
  ...
# Subtest: real query HTTP response validates frozen Contract and does not require an idempotency key
ok 51 - real query HTTP response validates frozen Contract and does not require an idempotency key
  ---
  duration_ms: 203.117293
  type: 'test'
  ...
1..51
# tests 51
# suites 0
# pass 51
# fail 0
# cancelled 0
# skipped 0
# todo 0
# duration_ms 2038.444128
