--------- beginning of main
09-08 08:08:14.595  4102  4207 I TestRunner: run started: 1 tests
09-08 08:08:14.604  4102  4207 I TestRunner: started: retryButtonRunsFreshModeAndReadOverMockHttp(Phase6MockRetryUiTest)
09-08 08:08:23.966  4102  4207 E TestRunner: failed: retryButtonRunsFreshModeAndReadOverMockHttp(Phase6MockRetryUiTest)
09-08 08:08:23.968  4102  4207 E TestRunner: ----- begin exception -----
09-08 08:08:23.968  4102  4207 E TestRunner: java.lang.IllegalArgumentException: Mock transport requires literal loopback
09-08 08:08:23.968  4102  4207 E TestRunner: 	at edu.bnbu.student.contractvalidation.mock.ContractMockHttp.<init>(ContractHttp.kt:34)
09-08 08:08:23.968  4102  4207 E TestRunner: 	at edu.bnbu.student.contractvalidation.mock.ContractMockHttp.<init>(ContractHttp.kt:32)
09-08 08:08:23.968  4102  4207 E TestRunner: 	at MockScenarioHarness.<init>(MockScenarioHarness.kt:13)
09-08 08:08:23.968  4102  4207 E TestRunner: 	at Phase6MockRetryUiTest.retryButtonRunsFreshModeAndReadOverMockHttp(Phase6MockRetryUiTest.kt:13)
09-08 08:08:23.968  4102  4207 E TestRunner: 	at java.lang.reflect.Method.invoke(Native Method)
09-08 08:08:23.968  4102  4207 E TestRunner: 	at org.junit.runners.model.FrameworkMethod$1.runReflectiveCall(FrameworkMethod.java:59)
09-08 08:08:23.968  4102  4207 E TestRunner: 	at org.junit.internal.runners.model.ReflectiveCallable.run(ReflectiveCallable.java:12)
09-08 08:08:23.968  4102  4207 E TestRunner: 	at org.junit.runners.model.FrameworkMethod.invokeExplosively(FrameworkMethod.java:56)
09-08 08:08:23.968  4102  4207 E TestRunner: 	at org.junit.internal.runners.statements.InvokeMethod.evaluate(InvokeMethod.java:17)
09-08 08:08:23.968  4102  4207 E TestRunner: 	at org.junit.rules.ExternalResource$1.evaluate(ExternalResource.java:54)
09-08 08:08:23.968  4102  4207 E TestRunner: 	at androidx.compose.ui.test.junit4.AndroidComposeTestRule$apply$1$evaluate$1.invoke(AndroidComposeTestRule.android.kt:272)
09-08 08:08:23.968  4102  4207 E TestRunner: 	at androidx.compose.ui.test.junit4.AndroidComposeTestRule$apply$1$evaluate$1.invoke(AndroidComposeTestRule.android.kt:271)
09-08 08:08:23.968  4102  4207 E TestRunner: 	at androidx.compose.ui.test.AndroidComposeUiTestEnvironment$AndroidComposeUiTestImpl.withDisposableContent(ComposeUiTest.android.kt:505)
09-08 08:08:23.968  4102  4207 E TestRunner: 	at androidx.compose.ui.test.AndroidComposeUiTestEnvironment$runTest$1$1$1$1$1$1.invoke(ComposeUiTest.android.kt:333)
09-08 08:08:23.968  4102  4207 E TestRunner: 	at androidx.compose.ui.test.AndroidComposeUiTestEnvironment.withComposeIdlingResource(ComposeUiTest.android.kt:385)
09-08 08:08:23.968  4102  4207 E TestRunner: 	at androidx.compose.ui.test.AndroidComposeUiTestEnvironment.access$withComposeIdlingResource(ComposeUiTest.android.kt:219)
09-08 08:08:23.968  4102  4207 E TestRunner: 	at androidx.compose.ui.test.AndroidComposeUiTestEnvironment$runTest$1$1$1$1$1.invoke(ComposeUiTest.android.kt:332)
09-08 08:08:23.968  4102  4207 E TestRunner: 	at androidx.compose.ui.test.AndroidComposeUiTestEnvironment.withWindowRecomposer(ComposeUiTest.android.kt:359)
09-08 08:08:23.968  4102  4207 E TestRunner: 	at androidx.compose.ui.test.AndroidComposeUiTestEnvironment.access$withWindowRecomposer(ComposeUiTest.android.kt:219)
09-08 08:08:23.968  4102  4207 E TestRunner: 	at androidx.compose.ui.test.AndroidComposeUiTestEnvironment$runTest$1$1$1$1.invoke(ComposeUiTest.android.kt:331)
09-08 08:08:23.968  4102  4207 E TestRunner: 	at androidx.compose.ui.test.AndroidComposeUiTestEnvironment.withTestCoroutines(ComposeUiTest.android.kt:372)
09-08 08:08:23.968  4102  4207 E TestRunner: 	at androidx.compose.ui.test.AndroidComposeUiTestEnvironment.access$withTestCoroutines(ComposeUiTest.android.kt:219)
09-08 08:08:23.968  4102  4207 E TestRunner: 	at androidx.compose.ui.test.AndroidComposeUiTestEnvironment$runTest$1$1$1.invoke(ComposeUiTest.android.kt:330)
09-08 08:08:23.968  4102  4207 E TestRunner: 	at androidx.compose.ui.test.EspressoLink.withStrategy(EspressoLink.android.kt:66)
09-08 08:08:23.968  4102  4207 E TestRunner: 	at androidx.compose.ui.test.AndroidComposeUiTestEnvironment$runTest$1$1.invoke(ComposeUiTest.android.kt:329)
09-08 08:08:23.968  4102  4207 E TestRunner: 	at androidx.compose.ui.test.IdlingResourceRegistry.withRegistry(IdlingResourceRegistry.jvm.kt:155)
09-08 08:08:23.968  4102  4207 E TestRunner: 	at androidx.compose.ui.test.AndroidComposeUiTestEnvironment$runTest$1.invoke(ComposeUiTest.android.kt:328)
09-08 08:08:23.968  4102  4207 E TestRunner: 	at androidx.compose.ui.test.ComposeRootRegistry.withRegistry(ComposeRootRegistry.android.kt:146)
09-08 08:08:23.968  4102  4207 E TestRunner: 	at androidx.compose.ui.test.AndroidComposeUiTestEnvironment.runTest(ComposeUiTest.android.kt:327)
09-08 08:08:23.968  4102  4207 E TestRunner: 	at androidx.compose.ui.test.junit4.AndroidComposeTestRule$apply$1.evaluate(AndroidComposeTestRule.android.kt:271)
09-08 08:08:23.968  4102  4207 E TestRunner: 	at org.junit.runners.ParentRunner$3.evaluate(ParentRunner.java:306)
09-08 08:08:23.968  4102  4207 E TestRunner: 	at org.junit.runners.BlockJUnit4ClassRunner$1.evaluate(BlockJUnit4ClassRunner.java:100)
09-08 08:08:23.968  4102  4207 E TestRunner: 	at org.junit.runners.ParentRunner.runLeaf(ParentRunner.java:366)
09-08 08:08:23.968  4102  4207 E TestRunner: 	at org.junit.runners.BlockJUnit4ClassRunner.runChild(BlockJUnit4ClassRunner.java:103)
09-08 08:08:23.968  4102  4207 E TestRunner: 	at org.junit.runners.BlockJUnit4ClassRunner.runChild(BlockJUnit4ClassRunner.java:63)
09-08 08:08:23.968  4102  4207 E TestRunner: 	at org.junit.runners.ParentRunner$4.run(ParentRunner.java:331)
09-08 08:08:23.968  4102  4207 E TestRunner: 	at org.junit.runners.ParentRunner$1.schedule(ParentRunner.java:79)
09-08 08:08:23.968  4102  4207 E TestRunner: 	at org.junit.runners.ParentRunner.runChildren(ParentRunner.java:329)
09-08 08:08:23.968  4102  4207 E TestRunner: 	at org.junit.runners.ParentRunner.access$100(ParentRunner.java:66)
09-08 08:08:23.968  4102  4207 E TestRunner: 	at org.junit.runners.ParentRunner$2.evaluate(ParentRunner.java:293)
09-08 08:08:23.968  4102  4207 E TestRunner: 	at org.junit.runners.ParentRunner$3.evaluate(ParentRunner.java:306)
09-08 08:08:23.968  4102  4207 E TestRunner: 	at org.junit.runners.ParentRunner.run(ParentRunner.java:413)
09-08 08:08:23.968  4102  4207 E TestRunner: 	at org.junit.runners.Suite.runChild(Suite.java:128)
09-08 08:08:23.968  4102  4207 E TestRunner: 	at org.junit.runners.Suite.runChild(Suite.java:27)
09-08 08:08:23.968  4102  4207 E TestRunner: 	at org.junit.runners.ParentRunner$4.run(ParentRunner.java:331)
09-08 08:08:23.968  4102  4207 E TestRunner: 	at org.junit.runners.ParentRunner$1.schedule(ParentRunner.java:79)
09-08 08:08:23.968  4102  4207 E TestRunner: 	at org.junit.runners.ParentRunner.runChildren(ParentRunner.java:329)
09-08 08:08:23.968  4102  4207 E TestRunner: 	at org.junit.runners.ParentRunner.access$100(ParentRunner.java:66)
09-08 08:08:23.968  4102  4207 E TestRunner: 	at org.junit.runners.ParentRunner$2.evaluate(ParentRunner.java:293)
09-08 08:08:23.968  4102  4207 E TestRunner: 	at org.junit.runners.ParentRunner$3.evaluate(ParentRunner.java:306)
09-08 08:08:23.968  4102  4207 E TestRunner: 	at org.junit.runners.ParentRunner.run(ParentRunner.java:413)
09-08 08:08:23.968  4102  4207 E TestRunner: 	at org.junit.runner.JUnitCore.run(JUnitCore.java:137)
09-08 08:08:23.968  4102  4207 E TestRunner: 	at org.junit.runner.JUnitCore.run(JUnitCore.java:115)
09-08 08:08:23.968  4102  4207 E TestRunner: 	at androidx.test.internal.runner.TestExecutor.execute(TestExecutor.java:68)
09-08 08:08:23.968  4102  4207 E TestRunner: 	at androidx.test.internal.runner.TestExecutor.execute(TestExecutor.java:59)
09-08 08:08:23.968  4102  4207 E TestRunner: 	at androidx.test.runner.AndroidJUnitRunner.onStart(AndroidJUnitRunner.java:467)
09-08 08:08:23.968  4102  4207 E TestRunner: 	at android.app.Instrumentation$InstrumentationThread.run(Instrumentation.java:2637)
09-08 08:08:23.969  4102  4207 E TestRunner: ----- end exception -----
09-08 08:08:23.978  4102  4207 I TestRunner: finished: retryButtonRunsFreshModeAndReadOverMockHttp(Phase6MockRetryUiTest)
09-08 08:08:23.985  4102  4207 I TestRunner: run finished: 1 tests, 1 failed, 0 ignored
09-08 08:11:01.405  4559  4573 I TestRunner: run started: 1 tests
09-08 08:11:01.408  4559  4573 I TestRunner: started: retryButtonRunsFreshModeAndReadOverMockHttp(Phase6MockRetryUiTest)
09-08 08:11:08.633  4559  4573 E TestRunner: failed: retryButtonRunsFreshModeAndReadOverMockHttp(Phase6MockRetryUiTest)
09-08 08:11:08.637  4559  4573 E TestRunner: ----- begin exception -----
09-08 08:11:08.637  4559  4573 E TestRunner: java.util.regex.PatternSyntaxException: Syntax error in regexp pattern near index 10
09-08 08:11:08.637  4559  4573 E TestRunner: \{([^}]+)}
09-08 08:11:08.637  4559  4573 E TestRunner: 	at com.android.icu.util.regex.PatternNative.compileImpl(Native Method)
09-08 08:11:08.637  4559  4573 E TestRunner: 	at com.android.icu.util.regex.PatternNative.<init>(PatternNative.java:53)
09-08 08:11:08.637  4559  4573 E TestRunner: 	at com.android.icu.util.regex.PatternNative.create(PatternNative.java:49)
09-08 08:11:08.637  4559  4573 E TestRunner: 	at java.util.regex.Pattern.compile(Pattern.java:3666)
09-08 08:11:08.637  4559  4573 E TestRunner: 	at java.util.regex.Pattern.<init>(Pattern.java:1552)
09-08 08:11:08.637  4559  4573 E TestRunner: 	at java.util.regex.Pattern.compile(Pattern.java:915)
09-08 08:11:08.637  4559  4573 E TestRunner: 	at kotlin.text.Regex.<init>(Regex.kt:88)
09-08 08:11:08.637  4559  4573 E TestRunner: 	at MockScenarioHarness.call(MockScenarioHarness.kt:25)
09-08 08:11:08.637  4559  4573 E TestRunner: 	at MockScenarioHarness.call$default(MockScenarioHarness.kt:24)
09-08 08:11:08.637  4559  4573 E TestRunner: 	at Phase6MockRetryUiTest.retryButtonRunsFreshModeAndReadOverMockHttp(Phase6MockRetryUiTest.kt:24)
09-08 08:11:08.637  4559  4573 E TestRunner: 	at java.lang.reflect.Method.invoke(Native Method)
09-08 08:11:08.637  4559  4573 E TestRunner: 	at org.junit.runners.model.FrameworkMethod$1.runReflectiveCall(FrameworkMethod.java:59)
09-08 08:11:08.637  4559  4573 E TestRunner: 	at org.junit.internal.runners.model.ReflectiveCallable.run(ReflectiveCallable.java:12)
09-08 08:11:08.637  4559  4573 E TestRunner: 	at org.junit.runners.model.FrameworkMethod.invokeExplosively(FrameworkMethod.java:56)
09-08 08:11:08.637  4559  4573 E TestRunner: 	at org.junit.internal.runners.statements.InvokeMethod.evaluate(InvokeMethod.java:17)
09-08 08:11:08.637  4559  4573 E TestRunner: 	at org.junit.rules.ExternalResource$1.evaluate(ExternalResource.java:54)
09-08 08:11:08.637  4559  4573 E TestRunner: 	at androidx.compose.ui.test.junit4.AndroidComposeTestRule$apply$1$evaluate$1.invoke(AndroidComposeTestRule.android.kt:272)
09-08 08:11:08.637  4559  4573 E TestRunner: 	at androidx.compose.ui.test.junit4.AndroidComposeTestRule$apply$1$evaluate$1.invoke(AndroidComposeTestRule.android.kt:271)
09-08 08:11:08.637  4559  4573 E TestRunner: 	at androidx.compose.ui.test.AndroidComposeUiTestEnvironment$AndroidComposeUiTestImpl.withDisposableContent(ComposeUiTest.android.kt:505)
09-08 08:11:08.637  4559  4573 E TestRunner: 	at androidx.compose.ui.test.AndroidComposeUiTestEnvironment$runTest$1$1$1$1$1$1.invoke(ComposeUiTest.android.kt:333)
09-08 08:11:08.637  4559  4573 E TestRunner: 	at androidx.compose.ui.test.AndroidComposeUiTestEnvironment.withComposeIdlingResource(ComposeUiTest.android.kt:385)
09-08 08:11:08.637  4559  4573 E TestRunner: 	at androidx.compose.ui.test.AndroidComposeUiTestEnvironment.access$withComposeIdlingResource(ComposeUiTest.android.kt:219)
09-08 08:11:08.637  4559  4573 E TestRunner: 	at androidx.compose.ui.test.AndroidComposeUiTestEnvironment$runTest$1$1$1$1$1.invoke(ComposeUiTest.android.kt:332)
09-08 08:11:08.637  4559  4573 E TestRunner: 	at androidx.compose.ui.test.AndroidComposeUiTestEnvironment.withWindowRecomposer(ComposeUiTest.android.kt:359)
09-08 08:11:08.637  4559  4573 E TestRunner: 	at androidx.compose.ui.test.AndroidComposeUiTestEnvironment.access$withWindowRecomposer(ComposeUiTest.android.kt:219)
09-08 08:11:08.637  4559  4573 E TestRunner: 	at androidx.compose.ui.test.AndroidComposeUiTestEnvironment$runTest$1$1$1$1.invoke(ComposeUiTest.android.kt:331)
09-08 08:11:08.637  4559  4573 E TestRunner: 	at androidx.compose.ui.test.AndroidComposeUiTestEnvironment.withTestCoroutines(ComposeUiTest.android.kt:372)
09-08 08:11:08.637  4559  4573 E TestRunner: 	at androidx.compose.ui.test.AndroidComposeUiTestEnvironment.access$withTestCoroutines(ComposeUiTest.android.kt:219)
09-08 08:11:08.637  4559  4573 E TestRunner: 	at androidx.compose.ui.test.AndroidComposeUiTestEnvironment$runTest$1$1$1.invoke(ComposeUiTest.android.kt:330)
09-08 08:11:08.637  4559  4573 E TestRunner: 	at androidx.compose.ui.test.EspressoLink.withStrategy(EspressoLink.android.kt:66)
09-08 08:11:08.637  4559  4573 E TestRunner: 	at androidx.compose.ui.test.AndroidComposeUiTestEnvironment$runTest$1$1.invoke(ComposeUiTest.android.kt:329)
09-08 08:11:08.637  4559  4573 E TestRunner: 	at androidx.compose.ui.test.IdlingResourceRegistry.withRegistry(IdlingResourceRegistry.jvm.kt:155)
09-08 08:11:08.637  4559  4573 E TestRunner: 	at androidx.compose.ui.test.AndroidComposeUiTestEnvironment$runTest$1.invoke(ComposeUiTest.android.kt:328)
09-08 08:11:08.637  4559  4573 E TestRunner: 	at androidx.compose.ui.test.ComposeRootRegistry.withRegistry(ComposeRootRegistry.android.kt:146)
09-08 08:11:08.637  4559  4573 E TestRunner: 	at androidx.compose.ui.test.AndroidComposeUiTestEnvironment.runTest(ComposeUiTest.android.kt:327)
09-08 08:11:08.637  4559  4573 E TestRunner: 	at androidx.compose.ui.test.junit4.AndroidComposeTestRule$apply$1.evaluate(AndroidComposeTestRule.android.kt:271)
09-08 08:11:08.637  4559  4573 E TestRunner: 	at org.junit.runners.ParentRunner$3.evaluate(ParentRunner.java:306)
09-08 08:11:08.637  4559  4573 E TestRunner: 	at org.junit.runners.BlockJUnit4ClassRunner$1.evaluate(BlockJUnit4ClassRunner.java:100)
09-08 08:11:08.637  4559  4573 E TestRunner: 	at org.junit.runners.ParentRunner.runLeaf(ParentRunner.java:366)
09-08 08:11:08.637  4559  4573 E TestRunner: 	at org.junit.runners.BlockJUnit4ClassRunner.runChild(BlockJUnit4ClassRunner.java:103)
09-08 08:11:08.637  4559  4573 E TestRunner: 	at org.junit.runners.BlockJUnit4ClassRunner.runChild(BlockJUnit4ClassRunner.java:63)
09-08 08:11:08.637  4559  4573 E TestRunner: 	at org.junit.runners.ParentRunner$4.run(ParentRunner.java:331)
09-08 08:11:08.640  4559  4573 E TestRunner: 	at org.junit.runners.ParentRunner$1.schedule(ParentRunner.java:79)
09-08 08:11:08.640  4559  4573 E TestRunner: 	at org.junit.runners.ParentRunner.runChildren(ParentRunner.java:329)
09-08 08:11:08.640  4559  4573 E TestRunner: 	at org.junit.runners.ParentRunner.access$100(ParentRunner.java:66)
09-08 08:11:08.640  4559  4573 E TestRunner: 	at org.junit.runners.ParentRunner$2.evaluate(ParentRunner.java:293)
09-08 08:11:08.640  4559  4573 E TestRunner: 	at org.junit.runners.ParentRunner$3.evaluate(ParentRunner.java:306)
09-08 08:11:08.640  4559  4573 E TestRunner: 	at org.junit.runners.ParentRunner.run(ParentRunner.java:413)
09-08 08:11:08.640  4559  4573 E TestRunner: 	at org.junit.runners.Suite.runChild(Suite.java:128)
09-08 08:11:08.640  4559  4573 E TestRunner: 	at org.junit.runners.Suite.runChild(Suite.java:27)
09-08 08:11:08.640  4559  4573 E TestRunner: 	at org.junit.runners.ParentRunner$4.run(ParentRunner.java:331)
09-08 08:11:08.640  4559  4573 E TestRunner: 	at org.junit.runners.ParentRunner$1.schedule(ParentRunner.java:79)
09-08 08:11:08.640  4559  4573 E TestRunner: 	at org.junit.runners.ParentRunner.runChildren(ParentRunner.java:329)
09-08 08:11:08.640  4559  4573 E TestRunner: 	at org.junit.runners.ParentRunner.access$100(ParentRunner.java:66)
09-08 08:11:08.640  4559  4573 E TestRunner: 	at org.junit.runners.ParentRunner$2.evaluate(ParentRunner.java:293)
09-08 08:11:08.640  4559  4573 E TestRunner: 	at org.junit.runners.ParentRunner$3.evaluate(ParentRunner.java:306)
09-08 08:11:08.640  4559  4573 E TestRunner: 	at org.junit.runners.ParentRunner.run(ParentRunner.java:413)
09-08 08:11:08.640  4559  4573 E TestRunner: 	at org.junit.runner.JUnitCore.run(JUnitCore.java:137)
09-08 08:11:08.640  4559  4573 E TestRunner: 	at org.junit.runner.JUnitCore.run(JUnitCore.java:115)
09-08 08:11:08.640  4559  4573 E TestRunner: 	at androidx.test.internal.runner.TestExecutor.execute(TestExecutor.java:68)
09-08 08:11:08.640  4559  4573 E TestRunner: 	at androidx.test.internal.runner.TestExecutor.execute(TestExecutor.java:59)
09-08 08:11:08.640  4559  4573 E TestRunner: 	at androidx.test.runner.AndroidJUnitRunner.onStart(AndroidJUnitRunner.java:467)
09-08 08:11:08.640  4559  4573 E TestRunner: 	at android.app.Instrumentation$InstrumentationThread.run(Instrumentation.java:2637)
09-08 08:11:08.640  4559  4573 E TestRunner: ----- end exception -----
09-08 08:11:08.652  4559  4573 I TestRunner: finished: retryButtonRunsFreshModeAndReadOverMockHttp(Phase6MockRetryUiTest)
09-08 08:11:09.159  4559  4573 I TestRunner: run finished: 1 tests, 1 failed, 0 ignored
09-08 08:14:44.941  4742  4755 I TestRunner: run started: 1 tests
09-08 08:14:44.944  4742  4755 I TestRunner: started: retryButtonRunsFreshModeAndReadOverMockHttp(Phase6MockRetryUiTest)
09-08 08:14:53.752  4742  4755 I TestRunner: finished: retryButtonRunsFreshModeAndReadOverMockHttp(Phase6MockRetryUiTest)
09-08 08:14:53.765  4742  4755 I TestRunner: run finished: 1 tests, 0 failed, 0 ignored
09-08 08:20:11.933  5063  5077 I TestRunner: run started: 1 tests
09-08 08:20:11.937  5063  5077 I TestRunner: started: retryButtonRunsFreshModeAndReadOverMockHttp(Phase6MockRetryUiTest)
09-08 08:20:20.612  5063  5077 I TestRunner: finished: retryButtonRunsFreshModeAndReadOverMockHttp(Phase6MockRetryUiTest)
09-08 08:20:21.108  5063  5077 I TestRunner: run finished: 1 tests, 0 failed, 0 ignored
09-08 08:21:15.361  5214  5227 I TestRunner: run started: 74 tests
09-08 08:21:15.367  5214  5227 I TestRunner: started: renderSameHttpDtoMapperScenario[dashboard_unjoined](Phase6MockUiTest)
09-08 08:21:22.711  5214  5227 I TestRunner: finished: renderSameHttpDtoMapperScenario[dashboard_unjoined](Phase6MockUiTest)
09-08 08:21:23.190  5214  5227 I TestRunner: started: renderSameHttpDtoMapperScenario[account_student_verified_email](Phase6MockUiTest)
09-08 08:21:27.206  5214  5227 I TestRunner: finished: renderSameHttpDtoMapperScenario[account_student_verified_email](Phase6MockUiTest)
09-08 08:21:27.211  5214  5227 I TestRunner: started: renderSameHttpDtoMapperScenario[account_deletion_retains_facts](Phase6MockUiTest)
09-08 08:21:30.896  5214  5227 I TestRunner: finished: renderSameHttpDtoMapperScenario[account_deletion_retains_facts](Phase6MockUiTest)
09-08 08:21:31.464  5214  5227 I TestRunner: started: renderSameHttpDtoMapperScenario[session_restore_server_seconds](Phase6MockUiTest)
09-08 08:21:35.243  5214  5227 I TestRunner: finished: renderSameHttpDtoMapperScenario[session_restore_server_seconds](Phase6MockUiTest)
09-08 08:21:35.250  5214  5227 I TestRunner: started: renderSameHttpDtoMapperScenario[progress_1199_is_not_target_met](Phase6MockUiTest)
09-08 08:21:39.073  5214  5227 I TestRunner: finished: renderSameHttpDtoMapperScenario[progress_1199_is_not_target_met](Phase6MockUiTest)
09-08 08:21:39.077  5214  5227 I TestRunner: started: renderSameHttpDtoMapperScenario[progress_recomputing_keeps_old_checkpoint](Phase6MockUiTest)
09-08 08:21:42.747  5214  5227 I TestRunner: finished: renderSameHttpDtoMapperScenario[progress_recomputing_keeps_old_checkpoint](Phase6MockUiTest)
09-08 08:21:42.753  5214  5227 I TestRunner: started: renderSameHttpDtoMapperScenario[progress_unavailable_is_not_zero](Phase6MockUiTest)
09-08 08:21:45.600  5214  5227 I TestRunner: finished: renderSameHttpDtoMapperScenario[progress_unavailable_is_not_zero](Phase6MockUiTest)
09-08 08:21:46.130  5214  5227 I TestRunner: started: renderSameHttpDtoMapperScenario[progress_cached_is_read_only](Phase6MockUiTest)
09-08 08:21:49.726  5214  5227 I TestRunner: finished: renderSameHttpDtoMapperScenario[progress_cached_is_read_only](Phase6MockUiTest)
09-08 08:21:49.730  5214  5227 I TestRunner: started: renderSameHttpDtoMapperScenario[record_pending_material](Phase6MockUiTest)
09-08 08:21:53.701  5214  5227 I TestRunner: finished: renderSameHttpDtoMapperScenario[record_pending_material](Phase6MockUiTest)
09-08 08:21:53.707  5214  5227 I TestRunner: started: renderSameHttpDtoMapperScenario[record_teacher_round1](Phase6MockUiTest)
09-08 08:21:57.297  5214  5227 I TestRunner: finished: renderSameHttpDtoMapperScenario[record_teacher_round1](Phase6MockUiTest)
09-08 08:21:57.302  5214  5227 I TestRunner: started: renderSameHttpDtoMapperScenario[record_await_supplement](Phase6MockUiTest)
09-08 08:22:00.922  5214  5227 I TestRunner: finished: renderSameHttpDtoMapperScenario[record_await_supplement](Phase6MockUiTest)
09-08 08:22:01.544  5214  5227 I TestRunner: started: renderSameHttpDtoMapperScenario[record_round2](Phase6MockUiTest)
09-08 08:22:04.715  5214  5227 I TestRunner: finished: renderSameHttpDtoMapperScenario[record_round2](Phase6MockUiTest)
09-08 08:22:05.237  5214  5227 I TestRunner: started: renderSameHttpDtoMapperScenario[record_valid](Phase6MockUiTest)
09-08 08:22:08.753  5214  5227 I TestRunner: finished: renderSameHttpDtoMapperScenario[record_valid](Phase6MockUiTest)
09-08 08:22:08.759  5214  5227 I TestRunner: started: renderSameHttpDtoMapperScenario[technical_processing_never_invalid](Phase6MockUiTest)
09-08 08:22:11.728  5214  5227 I TestRunner: finished: renderSameHttpDtoMapperScenario[technical_processing_never_invalid](Phase6MockUiTest)
09-08 08:22:12.300  5214  5227 I TestRunner: started: renderSameHttpDtoMapperScenario[supplement_timer_paused](Phase6MockUiTest)
09-08 08:22:15.817  5214  5227 I TestRunner: finished: renderSameHttpDtoMapperScenario[supplement_timer_paused](Phase6MockUiTest)
09-08 08:22:15.824  5214  5227 I TestRunner: started: renderSameHttpDtoMapperScenario[supplement_timer_unavailable](Phase6MockUiTest)
09-08 08:22:19.541  5214  5227 I TestRunner: finished: renderSameHttpDtoMapperScenario[supplement_timer_unavailable](Phase6MockUiTest)
09-08 08:22:19.547  5214  5227 I TestRunner: started: renderSameHttpDtoMapperScenario[archived_record_is_read_only](Phase6MockUiTest)
09-08 08:22:22.562  5214  5227 I TestRunner: finished: renderSameHttpDtoMapperScenario[archived_record_is_read_only](Phase6MockUiTest)
09-08 08:22:23.107  5214  5227 I TestRunner: started: renderSameHttpDtoMapperScenario[records_empty_only_typed_200](Phase6MockUiTest)
09-08 08:22:26.180  5214  5227 I TestRunner: finished: renderSameHttpDtoMapperScenario[records_empty_only_typed_200](Phase6MockUiTest)
09-08 08:22:26.771  5214  5227 I TestRunner: started: renderSameHttpDtoMapperScenario[records_cursor_exact](Phase6MockUiTest)
09-08 08:22:29.715  5214  5227 I TestRunner: finished: renderSameHttpDtoMapperScenario[records_cursor_exact](Phase6MockUiTest)
09-08 08:22:30.279  5214  5227 I TestRunner: started: renderSameHttpDtoMapperScenario[first_material_before_deadline](Phase6MockUiTest)
09-08 08:22:34.239  5214  5227 I TestRunner: finished: renderSameHttpDtoMapperScenario[first_material_before_deadline](Phase6MockUiTest)
09-08 08:22:34.256  5214  5227 I TestRunner: started: renderSameHttpDtoMapperScenario[first_material_exact_deadline_closed](Phase6MockUiTest)
09-08 08:22:37.931  5214  5227 I TestRunner: finished: renderSameHttpDtoMapperScenario[first_material_exact_deadline_closed](Phase6MockUiTest)
09-08 08:22:37.937  5214  5227 I TestRunner: started: renderSameHttpDtoMapperScenario[first_material_cached_cannot_write](Phase6MockUiTest)
09-08 08:22:40.988  5214  5227 I TestRunner: finished: renderSameHttpDtoMapperScenario[first_material_cached_cannot_write](Phase6MockUiTest)
09-08 08:22:41.524  5214  5227 I TestRunner: started: renderSameHttpDtoMapperScenario[first_receipt_alone_cannot_resume](Phase6MockUiTest)
09-08 08:22:45.036  5214  5227 I TestRunner: finished: renderSameHttpDtoMapperScenario[first_receipt_alone_cannot_resume](Phase6MockUiTest)
09-08 08:22:45.045  5214  5227 I TestRunner: started: renderSameHttpDtoMapperScenario[invitation_active_new_registration](Phase6MockUiTest)
09-08 08:22:48.449  5214  5227 I TestRunner: finished: renderSameHttpDtoMapperScenario[invitation_active_new_registration](Phase6MockUiTest)
09-08 08:22:49.005  5214  5227 I TestRunner: started: renderSameHttpDtoMapperScenario[invitation_join_closed](Phase6MockUiTest)
09-08 08:22:52.376  5214  5227 I TestRunner: finished: renderSameHttpDtoMapperScenario[invitation_join_closed](Phase6MockUiTest)
09-08 08:22:52.383  5214  5227 I TestRunner: started: renderSameHttpDtoMapperScenario[invitation_expired_new_flow_blocked](Phase6MockUiTest)
09-08 08:22:55.287  5214  5227 I TestRunner: finished: renderSameHttpDtoMapperScenario[invitation_expired_new_flow_blocked](Phase6MockUiTest)
09-08 08:22:55.774  5214  5227 I TestRunner: started: renderSameHttpDtoMapperScenario[endurance_raw_measured](Phase6MockUiTest)
09-08 08:22:59.198  5214  5227 I TestRunner: finished: renderSameHttpDtoMapperScenario[endurance_raw_measured](Phase6MockUiTest)
09-08 08:22:59.203  5214  5227 I TestRunner: started: renderSameHttpDtoMapperScenario[endurance_exempt](Phase6MockUiTest)
09-08 08:23:02.852  5214  5227 I TestRunner: finished: renderSameHttpDtoMapperScenario[endurance_exempt](Phase6MockUiTest)
09-08 08:23:02.859  5214  5227 I TestRunner: started: renderSameHttpDtoMapperScenario[applications_empty](Phase6MockUiTest)
09-08 08:23:06.103  5214  5227 I TestRunner: finished: renderSameHttpDtoMapperScenario[applications_empty](Phase6MockUiTest)
09-08 08:23:06.111  5214  5227 I TestRunner: started: renderSameHttpDtoMapperScenario[application_explicit_exemption_kind](Phase6MockUiTest)
09-08 08:23:09.634  5214  5227 I TestRunner: finished: renderSameHttpDtoMapperScenario[application_explicit_exemption_kind](Phase6MockUiTest)
09-08 08:23:09.642  5214  5227 I TestRunner: started: renderSameHttpDtoMapperScenario[notifications_explicit_target](Phase6MockUiTest)
09-08 08:23:13.066  5214  5227 I TestRunner: finished: renderSameHttpDtoMapperScenario[notifications_explicit_target](Phase6MockUiTest)
09-08 08:23:13.075  5214  5227 I TestRunner: started: renderSameHttpDtoMapperScenario[notifications_empty](Phase6MockUiTest)
09-08 08:23:16.015  5214  5227 I TestRunner: finished: renderSameHttpDtoMapperScenario[notifications_empty](Phase6MockUiTest)
09-08 08:23:16.571  5214  5227 I TestRunner: started: renderSameHttpDtoMapperScenario[feedback_empty](Phase6MockUiTest)
09-08 08:23:19.406  5214  5227 I TestRunner: finished: renderSameHttpDtoMapperScenario[feedback_empty](Phase6MockUiTest)
09-08 08:23:19.904  5214  5227 I TestRunner: started: renderSameHttpDtoMapperScenario[feedback_detail_deleted_email](Phase6MockUiTest)
09-08 08:23:22.731  5214  5227 I TestRunner: finished: renderSameHttpDtoMapperScenario[feedback_detail_deleted_email](Phase6MockUiTest)
09-08 08:23:23.260  5214  5227 I TestRunner: started: renderSameHttpDtoMapperScenario[help_public](Phase6MockUiTest)
09-08 08:23:26.165  5214  5227 I TestRunner: finished: renderSameHttpDtoMapperScenario[help_public](Phase6MockUiTest)
09-08 08:23:26.700  5214  5227 I TestRunner: started: renderSameHttpDtoMapperScenario[help_cached_read_only](Phase6MockUiTest)
09-08 08:23:30.105  5214  5227 I TestRunner: finished: renderSameHttpDtoMapperScenario[help_cached_read_only](Phase6MockUiTest)
09-08 08:23:30.114  5214  5227 I TestRunner: started: renderSameHttpDtoMapperScenario[release_forced_upgrade](Phase6MockUiTest)
09-08 08:23:33.446  5214  5227 I TestRunner: finished: renderSameHttpDtoMapperScenario[release_forced_upgrade](Phase6MockUiTest)
09-08 08:23:33.456  5214  5227 I TestRunner: started: renderSameHttpDtoMapperScenario[http_error_TOKEN_EXPIRED](Phase6MockUiTest)
09-08 08:23:36.389  5214  5227 I TestRunner: finished: renderSameHttpDtoMapperScenario[http_error_TOKEN_EXPIRED](Phase6MockUiTest)
09-08 08:23:36.968  5214  5227 I TestRunner: started: renderSameHttpDtoMapperScenario[http_error_AUTHENTICATION_REQUIRED](Phase6MockUiTest)
09-08 08:23:39.874  5214  5227 I TestRunner: finished: renderSameHttpDtoMapperScenario[http_error_AUTHENTICATION_REQUIRED](Phase6MockUiTest)
09-08 08:23:40.425  5214  5227 I TestRunner: started: renderSameHttpDtoMapperScenario[http_error_FORBIDDEN](Phase6MockUiTest)
09-08 08:23:43.247  5214  5227 I TestRunner: finished: renderSameHttpDtoMapperScenario[http_error_FORBIDDEN](Phase6MockUiTest)
09-08 08:23:43.727  5214  5227 I TestRunner: started: renderSameHttpDtoMapperScenario[http_error_SYSTEM_MAINTENANCE](Phase6MockUiTest)
09-08 08:23:46.517  5214  5227 I TestRunner: finished: renderSameHttpDtoMapperScenario[http_error_SYSTEM_MAINTENANCE](Phase6MockUiTest)
09-08 08:23:47.121  5214  5227 I TestRunner: started: renderSameHttpDtoMapperScenario[http_error_DEPENDENCY_UNAVAILABLE](Phase6MockUiTest)
09-08 08:23:50.077  5214  5227 I TestRunner: finished: renderSameHttpDtoMapperScenario[http_error_DEPENDENCY_UNAVAILABLE](Phase6MockUiTest)
09-08 08:23:50.599  5214  5227 I TestRunner: started: renderSameHttpDtoMapperScenario[http_error_INTERNAL_ERROR](Phase6MockUiTest)
09-08 08:23:53.800  5214  5227 I TestRunner: finished: renderSameHttpDtoMapperScenario[http_error_INTERNAL_ERROR](Phase6MockUiTest)
09-08 08:23:54.363  5214  5227 I TestRunner: started: renderSameHttpDtoMapperScenario[maintenance_estimate_does_not_unlock](Phase6MockUiTest)
09-08 08:23:57.789  5214  5227 I TestRunner: finished: renderSameHttpDtoMapperScenario[maintenance_estimate_does_not_unlock](Phase6MockUiTest)
09-08 08:23:57.806  5214  5227 I TestRunner: started: retryButtonRunsFreshModeAndReadOverMockHttp(Phase6MockRetryUiTest)
09-08 08:24:01.378  5214  5227 I TestRunner: finished: retryButtonRunsFreshModeAndReadOverMockHttp(Phase6MockRetryUiTest)
09-08 08:24:01.916  5214  5227 I TestRunner: started: concatenatedJsonRejected(Phase6DeviceBoundaryTest)
09-08 08:24:04.258  5214  5227 I TestRunner: finished: concatenatedJsonRejected(Phase6DeviceBoundaryTest)
09-08 08:24:04.264  5214  5227 I TestRunner: started: alreadyReadyMaterialCannotResume(Phase6DeviceBoundaryTest)
09-08 08:24:06.376  5214  5227 I TestRunner: finished: alreadyReadyMaterialCannotResume(Phase6DeviceBoundaryTest)
09-08 08:24:06.382  5214  5227 I TestRunner: started: forbiddenStudentGradeRejected(Phase6DeviceBoundaryTest)
09-08 08:24:08.294  5214  5227 I TestRunner: finished: forbiddenStudentGradeRejected(Phase6DeviceBoundaryTest)
09-08 08:24:08.298  5214  5227 I TestRunner: started: receiptManifestMismatchRejected(Phase6DeviceBoundaryTest)
09-08 08:24:10.426  5214  5227 I TestRunner: finished: receiptManifestMismatchRejected(Phase6DeviceBoundaryTest)
09-08 08:24:10.430  5214  5227 I TestRunner: started: generatedSupplementPost201WaitsForServerReceipt(Phase6DeviceBoundaryTest)
09-08 08:24:12.474  5214  5227 I TestRunner: finished: generatedSupplementPost201WaitsForServerReceipt(Phase6DeviceBoundaryTest)
09-08 08:24:12.480  5214  5227 I TestRunner: started: freshNormalIsRequiredToRecoverFromMaintenance(Phase6DeviceBoundaryTest)
09-08 08:24:14.576  5214  5227 I TestRunner: finished: freshNormalIsRequiredToRecoverFromMaintenance(Phase6DeviceBoundaryTest)
09-08 08:24:14.581  5214  5227 I TestRunner: started: nonUtf8Rejected(Phase6DeviceBoundaryTest)
09-08 08:24:16.571  5214  5227 I TestRunner: finished: nonUtf8Rejected(Phase6DeviceBoundaryTest)
09-08 08:24:16.573  5214  5227 I TestRunner: started: unexpected204IsNotEmpty(Phase6DeviceBoundaryTest)
09-08 08:24:18.561  5214  5227 I TestRunner: finished: unexpected204IsNotEmpty(Phase6DeviceBoundaryTest)
09-08 08:24:18.564  5214  5227 I TestRunner: started: transportFailureCannotBecomeMaintenanceOrEmpty(Phase6DeviceBoundaryTest)
09-08 08:24:20.517  5214  5227 I TestRunner: finished: transportFailureCannotBecomeMaintenanceOrEmpty(Phase6DeviceBoundaryTest)
09-08 08:24:20.520  5214  5227 I TestRunner: started: technicalStageWithoutCaseIdentityRejected(Phase6DeviceBoundaryTest)
09-08 08:24:22.516  5214  5227 I TestRunner: finished: technicalStageWithoutCaseIdentityRejected(Phase6DeviceBoundaryTest)
09-08 08:24:22.519  5214  5227 I TestRunner: started: redirectIsNotFollowed(Phase6DeviceBoundaryTest)
09-08 08:24:24.509  5214  5227 I TestRunner: finished: redirectIsNotFollowed(Phase6DeviceBoundaryTest)
09-08 08:24:24.512  5214  5227 I TestRunner: started: htmlSuccessIsNotEmpty(Phase6DeviceBoundaryTest)
09-08 08:24:26.502  5214  5227 I TestRunner: finished: htmlSuccessIsNotEmpty(Phase6DeviceBoundaryTest)
09-08 08:24:26.505  5214  5227 I TestRunner: started: staleResponseCannotOverwriteNewScreenAndLoadingIsObservable(Phase6DeviceBoundaryTest)
09-08 08:24:28.509  5214  5227 I TestRunner: finished: staleResponseCannotOverwriteNewScreenAndLoadingIsObservable(Phase6DeviceBoundaryTest)
09-08 08:24:28.516  5214  5227 I TestRunner: started: supplement409RequiresRefreshAndNeverAutoResubmits(Phase6DeviceBoundaryTest)
09-08 08:24:30.621  5214  5227 I TestRunner: finished: supplement409RequiresRefreshAndNeverAutoResubmits(Phase6DeviceBoundaryTest)
09-08 08:24:30.626  5214  5227 I TestRunner: started: notificationDisclosureIsNotRendered(Phase6DeviceBoundaryTest)
09-08 08:24:32.596  5214  5227 I TestRunner: finished: notificationDisclosureIsNotRendered(Phase6DeviceBoundaryTest)
09-08 08:24:32.601  5214  5227 I TestRunner: started: failedReleaseRefreshKeepsForcedUpgradeVisible(Phase6DeviceBoundaryTest)
09-08 08:24:34.713  5214  5227 I TestRunner: finished: failedReleaseRefreshKeepsForcedUpgradeVisible(Phase6DeviceBoundaryTest)
09-08 08:24:34.716  5214  5227 I TestRunner: started: lockedResumeNeedsFreshMatchingCurrentMaterial(Phase6DeviceBoundaryTest)
09-08 08:24:36.874  5214  5227 I TestRunner: finished: lockedResumeNeedsFreshMatchingCurrentMaterial(Phase6DeviceBoundaryTest)
09-08 08:24:36.878  5214  5227 I TestRunner: started: malformedJsonIsInvalidResponseNotTransport(Phase6DeviceBoundaryTest)
09-08 08:24:38.882  5214  5227 I TestRunner: finished: malformedJsonIsInvalidResponseNotTransport(Phase6DeviceBoundaryTest)
09-08 08:24:38.887  5214  5227 I TestRunner: started: missingRequiredNullableRejected(Phase6DeviceBoundaryTest)
09-08 08:24:40.848  5214  5227 I TestRunner: finished: missingRequiredNullableRejected(Phase6DeviceBoundaryTest)
09-08 08:24:40.852  5214  5227 I TestRunner: started: unknownEnumRejected(Phase6DeviceBoundaryTest)
09-08 08:24:42.785  5214  5227 I TestRunner: finished: unknownEnumRejected(Phase6DeviceBoundaryTest)
09-08 08:24:42.790  5214  5227 I TestRunner: started: duplicateJsonMembersRejected(Phase6DeviceBoundaryTest)
09-08 08:24:44.749  5214  5227 I TestRunner: finished: duplicateJsonMembersRejected(Phase6DeviceBoundaryTest)
09-08 08:24:44.753  5214  5227 I TestRunner: started: invalidationDisablesPreviouslyAvailableWrite(Phase6DeviceBoundaryTest)
09-08 08:24:46.690  5214  5227 I TestRunner: finished: invalidationDisablesPreviouslyAvailableWrite(Phase6DeviceBoundaryTest)
09-08 08:24:46.695  5214  5227 I TestRunner: started: literalLoopbackOnly(Phase6DeviceBoundaryTest)
09-08 08:24:48.574  5214  5227 I TestRunner: finished: literalLoopbackOnly(Phase6DeviceBoundaryTest)
09-08 08:24:48.578  5214  5227 I TestRunner: started: staleSupplementCommandDoesNotSendPost(Phase6DeviceBoundaryTest)
09-08 08:24:50.634  5214  5227 I TestRunner: finished: staleSupplementCommandDoesNotSendPost(Phase6DeviceBoundaryTest)
09-08 08:24:50.642  5214  5227 I TestRunner: started: cachedReceiptCannotTriggerAnyResumeRead(Phase6DeviceBoundaryTest)
09-08 08:24:52.650  5214  5227 I TestRunner: finished: cachedReceiptCannotTriggerAnyResumeRead(Phase6DeviceBoundaryTest)
09-08 08:24:52.654  5214  5227 I TestRunner: started: exactTransferDeadlineCannotResume(Phase6DeviceBoundaryTest)
09-08 08:24:54.842  5214  5227 I TestRunner: finished: exactTransferDeadlineCannotResume(Phase6DeviceBoundaryTest)
09-08 08:24:54.845  5214  5227 I TestRunner: started: invalidConstructedRequestNeverLeavesDeviceAndBecomesPageError(Phase6DeviceBoundaryTest)
09-08 08:24:56.722  5214  5227 I TestRunner: finished: invalidConstructedRequestNeverLeavesDeviceAndBecomesPageError(Phase6DeviceBoundaryTest)
09-08 08:24:56.728  5214  5227 I TestRunner: started: publishedCorpusOnAndroid(Phase6DeviceSchemaTest)
09-08 08:25:00.634  5214  5227 I TestRunner: finished: publishedCorpusOnAndroid(Phase6DeviceSchemaTest)
09-08 08:25:00.640  5214  5227 I TestRunner: started: supplementalCorpusOnAndroid(Phase6DeviceSchemaTest)
09-08 08:25:02.835  5214  5227 I TestRunner: finished: supplementalCorpusOnAndroid(Phase6DeviceSchemaTest)
09-08 08:25:02.840  5214  5227 I TestRunner: run finished: 74 tests, 0 failed, 0 ignored
09-08 08:26:44.429  6234  6247 I TestRunner: run started: 1 tests
09-08 08:26:44.433  6234  6247 I TestRunner: started: retryButtonRunsFreshModeAndReadOverMockHttp(Phase6MockRetryUiTest)
09-08 08:26:52.699  6234  6247 I TestRunner: finished: retryButtonRunsFreshModeAndReadOverMockHttp(Phase6MockRetryUiTest)
09-08 08:26:53.204  6234  6247 I TestRunner: run finished: 1 tests, 0 failed, 0 ignored
09-08 08:34:15.963  6453  6467 I TestRunner: run started: 74 tests
09-08 08:34:15.970  6453  6467 I TestRunner: started: renderSameHttpDtoMapperScenario[dashboard_unjoined](Phase6MockUiTest)
09-08 08:34:24.471  6453  6467 I TestRunner: finished: renderSameHttpDtoMapperScenario[dashboard_unjoined](Phase6MockUiTest)
09-08 08:34:24.477  6453  6467 I TestRunner: started: renderSameHttpDtoMapperScenario[account_student_verified_email](Phase6MockUiTest)
09-08 08:34:28.413  6453  6467 I TestRunner: finished: renderSameHttpDtoMapperScenario[account_student_verified_email](Phase6MockUiTest)
09-08 08:34:28.423  6453  6467 I TestRunner: started: renderSameHttpDtoMapperScenario[account_deletion_retains_facts](Phase6MockUiTest)
09-08 08:34:32.337  6453  6467 I TestRunner: finished: renderSameHttpDtoMapperScenario[account_deletion_retains_facts](Phase6MockUiTest)
09-08 08:34:32.343  6453  6467 I TestRunner: started: renderSameHttpDtoMapperScenario[session_restore_server_seconds](Phase6MockUiTest)
09-08 08:34:36.122  6453  6467 I TestRunner: finished: renderSameHttpDtoMapperScenario[session_restore_server_seconds](Phase6MockUiTest)
09-08 08:34:36.132  6453  6467 I TestRunner: started: renderSameHttpDtoMapperScenario[progress_1199_is_not_target_met](Phase6MockUiTest)
09-08 08:34:39.631  6453  6467 I TestRunner: finished: renderSameHttpDtoMapperScenario[progress_1199_is_not_target_met](Phase6MockUiTest)
09-08 08:34:39.641  6453  6467 I TestRunner: started: renderSameHttpDtoMapperScenario[progress_recomputing_keeps_old_checkpoint](Phase6MockUiTest)
09-08 08:34:42.681  6453  6467 I TestRunner: finished: renderSameHttpDtoMapperScenario[progress_recomputing_keeps_old_checkpoint](Phase6MockUiTest)
09-08 08:34:43.294  6453  6467 I TestRunner: started: renderSameHttpDtoMapperScenario[progress_unavailable_is_not_zero](Phase6MockUiTest)
09-08 08:34:46.141  6453  6467 I TestRunner: finished: renderSameHttpDtoMapperScenario[progress_unavailable_is_not_zero](Phase6MockUiTest)
09-08 08:34:46.689  6453  6467 I TestRunner: started: renderSameHttpDtoMapperScenario[progress_cached_is_read_only](Phase6MockUiTest)
09-08 08:34:50.302  6453  6467 I TestRunner: finished: renderSameHttpDtoMapperScenario[progress_cached_is_read_only](Phase6MockUiTest)
09-08 08:34:50.312  6453  6467 I TestRunner: started: renderSameHttpDtoMapperScenario[record_pending_material](Phase6MockUiTest)
09-08 08:34:53.796  6453  6467 I TestRunner: finished: renderSameHttpDtoMapperScenario[record_pending_material](Phase6MockUiTest)
09-08 08:34:53.801  6453  6467 I TestRunner: started: renderSameHttpDtoMapperScenario[record_teacher_round1](Phase6MockUiTest)
09-08 08:34:56.842  6453  6467 I TestRunner: finished: renderSameHttpDtoMapperScenario[record_teacher_round1](Phase6MockUiTest)
09-08 08:34:57.352  6453  6467 I TestRunner: started: renderSameHttpDtoMapperScenario[record_await_supplement](Phase6MockUiTest)
09-08 08:35:00.947  6453  6467 I TestRunner: finished: renderSameHttpDtoMapperScenario[record_await_supplement](Phase6MockUiTest)
09-08 08:35:01.561  6453  6467 I TestRunner: started: renderSameHttpDtoMapperScenario[record_round2](Phase6MockUiTest)
09-08 08:35:04.595  6453  6467 I TestRunner: finished: renderSameHttpDtoMapperScenario[record_round2](Phase6MockUiTest)
09-08 08:35:05.124  6453  6467 I TestRunner: started: renderSameHttpDtoMapperScenario[record_valid](Phase6MockUiTest)
09-08 08:35:08.599  6453  6467 I TestRunner: finished: renderSameHttpDtoMapperScenario[record_valid](Phase6MockUiTest)
09-08 08:35:08.603  6453  6467 I TestRunner: started: renderSameHttpDtoMapperScenario[technical_processing_never_invalid](Phase6MockUiTest)
09-08 08:35:12.099  6453  6467 I TestRunner: finished: renderSameHttpDtoMapperScenario[technical_processing_never_invalid](Phase6MockUiTest)
09-08 08:35:12.101  6453  6467 I TestRunner: started: renderSameHttpDtoMapperScenario[supplement_timer_paused](Phase6MockUiTest)
09-08 08:35:15.094  6453  6467 I TestRunner: finished: renderSameHttpDtoMapperScenario[supplement_timer_paused](Phase6MockUiTest)
09-08 08:35:15.625  6453  6467 I TestRunner: started: renderSameHttpDtoMapperScenario[supplement_timer_unavailable](Phase6MockUiTest)
09-08 08:35:19.033  6453  6467 I TestRunner: finished: renderSameHttpDtoMapperScenario[supplement_timer_unavailable](Phase6MockUiTest)
09-08 08:35:19.046  6453  6467 I TestRunner: started: renderSameHttpDtoMapperScenario[archived_record_is_read_only](Phase6MockUiTest)
09-08 08:35:22.560  6453  6467 I TestRunner: finished: renderSameHttpDtoMapperScenario[archived_record_is_read_only](Phase6MockUiTest)
09-08 08:35:22.563  6453  6467 I TestRunner: started: renderSameHttpDtoMapperScenario[records_empty_only_typed_200](Phase6MockUiTest)
09-08 08:35:25.486  6453  6467 I TestRunner: finished: renderSameHttpDtoMapperScenario[records_empty_only_typed_200](Phase6MockUiTest)
09-08 08:35:26.086  6453  6467 I TestRunner: started: renderSameHttpDtoMapperScenario[records_cursor_exact](Phase6MockUiTest)
09-08 08:35:29.090  6453  6467 I TestRunner: finished: renderSameHttpDtoMapperScenario[records_cursor_exact](Phase6MockUiTest)
09-08 08:35:29.568  6453  6467 I TestRunner: started: renderSameHttpDtoMapperScenario[first_material_before_deadline](Phase6MockUiTest)
09-08 08:35:32.675  6453  6467 I TestRunner: finished: renderSameHttpDtoMapperScenario[first_material_before_deadline](Phase6MockUiTest)
09-08 08:35:33.171  6453  6467 I TestRunner: started: renderSameHttpDtoMapperScenario[first_material_exact_deadline_closed](Phase6MockUiTest)
09-08 08:35:36.625  6453  6467 I TestRunner: finished: renderSameHttpDtoMapperScenario[first_material_exact_deadline_closed](Phase6MockUiTest)
09-08 08:35:36.628  6453  6467 I TestRunner: started: renderSameHttpDtoMapperScenario[first_material_cached_cannot_write](Phase6MockUiTest)
09-08 08:35:39.508  6453  6467 I TestRunner: finished: renderSameHttpDtoMapperScenario[first_material_cached_cannot_write](Phase6MockUiTest)
09-08 08:35:40.216  6453  6467 I TestRunner: started: renderSameHttpDtoMapperScenario[first_receipt_alone_cannot_resume](Phase6MockUiTest)
09-08 08:35:43.633  6453  6467 I TestRunner: finished: renderSameHttpDtoMapperScenario[first_receipt_alone_cannot_resume](Phase6MockUiTest)
09-08 08:35:43.639  6453  6467 I TestRunner: started: renderSameHttpDtoMapperScenario[invitation_active_new_registration](Phase6MockUiTest)
09-08 08:35:46.711  6453  6467 I TestRunner: finished: renderSameHttpDtoMapperScenario[invitation_active_new_registration](Phase6MockUiTest)
09-08 08:35:47.249  6453  6467 I TestRunner: started: renderSameHttpDtoMapperScenario[invitation_join_closed](Phase6MockUiTest)
09-08 08:35:50.705  6453  6467 I TestRunner: finished: renderSameHttpDtoMapperScenario[invitation_join_closed](Phase6MockUiTest)
09-08 08:35:50.713  6453  6467 I TestRunner: started: renderSameHttpDtoMapperScenario[invitation_expired_new_flow_blocked](Phase6MockUiTest)
09-08 08:35:54.163  6453  6467 I TestRunner: finished: renderSameHttpDtoMapperScenario[invitation_expired_new_flow_blocked](Phase6MockUiTest)
09-08 08:35:54.170  6453  6467 I TestRunner: started: renderSameHttpDtoMapperScenario[endurance_raw_measured](Phase6MockUiTest)
09-08 08:35:57.132  6453  6467 I TestRunner: finished: renderSameHttpDtoMapperScenario[endurance_raw_measured](Phase6MockUiTest)
09-08 08:35:57.705  6453  6467 I TestRunner: started: renderSameHttpDtoMapperScenario[endurance_exempt](Phase6MockUiTest)
09-08 08:36:01.168  6453  6467 I TestRunner: finished: renderSameHttpDtoMapperScenario[endurance_exempt](Phase6MockUiTest)
09-08 08:36:01.172  6453  6467 I TestRunner: started: renderSameHttpDtoMapperScenario[applications_empty](Phase6MockUiTest)
09-08 08:36:04.462  6453  6467 I TestRunner: finished: renderSameHttpDtoMapperScenario[applications_empty](Phase6MockUiTest)
09-08 08:36:04.466  6453  6467 I TestRunner: started: renderSameHttpDtoMapperScenario[application_explicit_exemption_kind](Phase6MockUiTest)
09-08 08:36:07.879  6453  6467 I TestRunner: finished: renderSameHttpDtoMapperScenario[application_explicit_exemption_kind](Phase6MockUiTest)
09-08 08:36:07.884  6453  6467 I TestRunner: started: renderSameHttpDtoMapperScenario[notifications_explicit_target](Phase6MockUiTest)
09-08 08:36:10.692  6453  6467 I TestRunner: finished: renderSameHttpDtoMapperScenario[notifications_explicit_target](Phase6MockUiTest)
09-08 08:36:11.233  6453  6467 I TestRunner: started: renderSameHttpDtoMapperScenario[notifications_empty](Phase6MockUiTest)
09-08 08:36:14.647  6453  6467 I TestRunner: finished: renderSameHttpDtoMapperScenario[notifications_empty](Phase6MockUiTest)
09-08 08:36:14.653  6453  6467 I TestRunner: started: renderSameHttpDtoMapperScenario[feedback_empty](Phase6MockUiTest)
09-08 08:36:17.994  6453  6467 I TestRunner: finished: renderSameHttpDtoMapperScenario[feedback_empty](Phase6MockUiTest)
09-08 08:36:18.006  6453  6467 I TestRunner: started: renderSameHttpDtoMapperScenario[feedback_detail_deleted_email](Phase6MockUiTest)
09-08 08:36:21.397  6453  6467 I TestRunner: finished: renderSameHttpDtoMapperScenario[feedback_detail_deleted_email](Phase6MockUiTest)
09-08 08:36:21.399  6453  6467 I TestRunner: started: renderSameHttpDtoMapperScenario[help_public](Phase6MockUiTest)
09-08 08:36:24.160  6453  6467 I TestRunner: finished: renderSameHttpDtoMapperScenario[help_public](Phase6MockUiTest)
09-08 08:36:24.675  6453  6467 I TestRunner: started: renderSameHttpDtoMapperScenario[help_cached_read_only](Phase6MockUiTest)
09-08 08:36:27.524  6453  6467 I TestRunner: finished: renderSameHttpDtoMapperScenario[help_cached_read_only](Phase6MockUiTest)
09-08 08:36:28.018  6453  6467 I TestRunner: started: renderSameHttpDtoMapperScenario[release_forced_upgrade](Phase6MockUiTest)
09-08 08:36:30.899  6453  6467 I TestRunner: finished: renderSameHttpDtoMapperScenario[release_forced_upgrade](Phase6MockUiTest)
09-08 08:36:31.445  6453  6467 I TestRunner: started: renderSameHttpDtoMapperScenario[http_error_TOKEN_EXPIRED](Phase6MockUiTest)
09-08 08:36:34.574  6453  6467 I TestRunner: finished: renderSameHttpDtoMapperScenario[http_error_TOKEN_EXPIRED](Phase6MockUiTest)
09-08 08:36:35.121  6453  6467 I TestRunner: started: renderSameHttpDtoMapperScenario[http_error_AUTHENTICATION_REQUIRED](Phase6MockUiTest)
09-08 08:36:38.159  6453  6467 I TestRunner: finished: renderSameHttpDtoMapperScenario[http_error_AUTHENTICATION_REQUIRED](Phase6MockUiTest)
09-08 08:36:38.732  6453  6467 I TestRunner: started: renderSameHttpDtoMapperScenario[http_error_FORBIDDEN](Phase6MockUiTest)
09-08 08:36:42.017  6453  6467 I TestRunner: finished: renderSameHttpDtoMapperScenario[http_error_FORBIDDEN](Phase6MockUiTest)
09-08 08:36:42.025  6453  6467 I TestRunner: started: renderSameHttpDtoMapperScenario[http_error_SYSTEM_MAINTENANCE](Phase6MockUiTest)
09-08 08:36:45.409  6453  6467 I TestRunner: finished: renderSameHttpDtoMapperScenario[http_error_SYSTEM_MAINTENANCE](Phase6MockUiTest)
09-08 08:36:45.413  6453  6467 I TestRunner: started: renderSameHttpDtoMapperScenario[http_error_DEPENDENCY_UNAVAILABLE](Phase6MockUiTest)
09-08 08:36:48.491  6453  6467 I TestRunner: finished: renderSameHttpDtoMapperScenario[http_error_DEPENDENCY_UNAVAILABLE](Phase6MockUiTest)
09-08 08:36:48.958  6453  6467 I TestRunner: started: renderSameHttpDtoMapperScenario[http_error_INTERNAL_ERROR](Phase6MockUiTest)
09-08 08:36:52.644  6453  6467 I TestRunner: finished: renderSameHttpDtoMapperScenario[http_error_INTERNAL_ERROR](Phase6MockUiTest)
09-08 08:36:52.648  6453  6467 I TestRunner: started: renderSameHttpDtoMapperScenario[maintenance_estimate_does_not_unlock](Phase6MockUiTest)
09-08 08:36:55.973  6453  6467 I TestRunner: finished: renderSameHttpDtoMapperScenario[maintenance_estimate_does_not_unlock](Phase6MockUiTest)
09-08 08:36:55.978  6453  6467 I TestRunner: started: retryButtonRunsFreshModeAndReadOverMockHttp(Phase6MockRetryUiTest)
09-08 08:36:59.638  6453  6467 I TestRunner: finished: retryButtonRunsFreshModeAndReadOverMockHttp(Phase6MockRetryUiTest)
09-08 08:36:59.641  6453  6467 I TestRunner: started: concatenatedJsonRejected(Phase6DeviceBoundaryTest)
09-08 08:37:01.913  6453  6467 I TestRunner: finished: concatenatedJsonRejected(Phase6DeviceBoundaryTest)
09-08 08:37:01.917  6453  6467 I TestRunner: started: alreadyReadyMaterialCannotResume(Phase6DeviceBoundaryTest)
09-08 08:37:04.008  6453  6467 I TestRunner: finished: alreadyReadyMaterialCannotResume(Phase6DeviceBoundaryTest)
09-08 08:37:04.012  6453  6467 I TestRunner: started: forbiddenStudentGradeRejected(Phase6DeviceBoundaryTest)
09-08 08:37:06.005  6453  6467 I TestRunner: finished: forbiddenStudentGradeRejected(Phase6DeviceBoundaryTest)
09-08 08:37:06.010  6453  6467 I TestRunner: started: receiptManifestMismatchRejected(Phase6DeviceBoundaryTest)
09-08 08:37:08.141  6453  6467 I TestRunner: finished: receiptManifestMismatchRejected(Phase6DeviceBoundaryTest)
09-08 08:37:08.147  6453  6467 I TestRunner: started: generatedSupplementPost201WaitsForServerReceipt(Phase6DeviceBoundaryTest)
09-08 08:37:10.166  6453  6467 I TestRunner: finished: generatedSupplementPost201WaitsForServerReceipt(Phase6DeviceBoundaryTest)
09-08 08:37:10.170  6453  6467 I TestRunner: started: freshNormalIsRequiredToRecoverFromMaintenance(Phase6DeviceBoundaryTest)
09-08 08:37:12.216  6453  6467 I TestRunner: finished: freshNormalIsRequiredToRecoverFromMaintenance(Phase6DeviceBoundaryTest)
09-08 08:37:12.220  6453  6467 I TestRunner: started: nonUtf8Rejected(Phase6DeviceBoundaryTest)
09-08 08:37:14.092  6453  6467 I TestRunner: finished: nonUtf8Rejected(Phase6DeviceBoundaryTest)
09-08 08:37:14.097  6453  6467 I TestRunner: started: unexpected204IsNotEmpty(Phase6DeviceBoundaryTest)
09-08 08:37:15.858  6453  6467 I TestRunner: finished: unexpected204IsNotEmpty(Phase6DeviceBoundaryTest)
09-08 08:37:15.861  6453  6467 I TestRunner: started: transportFailureCannotBecomeMaintenanceOrEmpty(Phase6DeviceBoundaryTest)
09-08 08:37:17.777  6453  6467 I TestRunner: finished: transportFailureCannotBecomeMaintenanceOrEmpty(Phase6DeviceBoundaryTest)
09-08 08:37:17.783  6453  6467 I TestRunner: started: technicalStageWithoutCaseIdentityRejected(Phase6DeviceBoundaryTest)
09-08 08:37:19.682  6453  6467 I TestRunner: finished: technicalStageWithoutCaseIdentityRejected(Phase6DeviceBoundaryTest)
09-08 08:37:19.685  6453  6467 I TestRunner: started: redirectIsNotFollowed(Phase6DeviceBoundaryTest)
09-08 08:37:21.643  6453  6467 I TestRunner: finished: redirectIsNotFollowed(Phase6DeviceBoundaryTest)
09-08 08:37:21.646  6453  6467 I TestRunner: started: htmlSuccessIsNotEmpty(Phase6DeviceBoundaryTest)
09-08 08:37:23.593  6453  6467 I TestRunner: finished: htmlSuccessIsNotEmpty(Phase6DeviceBoundaryTest)
09-08 08:37:23.600  6453  6467 I TestRunner: started: staleResponseCannotOverwriteNewScreenAndLoadingIsObservable(Phase6DeviceBoundaryTest)
09-08 08:37:25.607  6453  6467 I TestRunner: finished: staleResponseCannotOverwriteNewScreenAndLoadingIsObservable(Phase6DeviceBoundaryTest)
09-08 08:37:25.613  6453  6467 I TestRunner: started: supplement409RequiresRefreshAndNeverAutoResubmits(Phase6DeviceBoundaryTest)
09-08 08:37:27.650  6453  6467 I TestRunner: finished: supplement409RequiresRefreshAndNeverAutoResubmits(Phase6DeviceBoundaryTest)
09-08 08:37:27.654  6453  6467 I TestRunner: started: notificationDisclosureIsNotRendered(Phase6DeviceBoundaryTest)
09-08 08:37:29.554  6453  6467 I TestRunner: finished: notificationDisclosureIsNotRendered(Phase6DeviceBoundaryTest)
09-08 08:37:29.559  6453  6467 I TestRunner: started: failedReleaseRefreshKeepsForcedUpgradeVisible(Phase6DeviceBoundaryTest)
09-08 08:37:31.700  6453  6467 I TestRunner: finished: failedReleaseRefreshKeepsForcedUpgradeVisible(Phase6DeviceBoundaryTest)
09-08 08:37:31.704  6453  6467 I TestRunner: started: lockedResumeNeedsFreshMatchingCurrentMaterial(Phase6DeviceBoundaryTest)
09-08 08:37:33.819  6453  6467 I TestRunner: finished: lockedResumeNeedsFreshMatchingCurrentMaterial(Phase6DeviceBoundaryTest)
09-08 08:37:33.821  6453  6467 I TestRunner: started: malformedJsonIsInvalidResponseNotTransport(Phase6DeviceBoundaryTest)
09-08 08:37:35.714  6453  6467 I TestRunner: finished: malformedJsonIsInvalidResponseNotTransport(Phase6DeviceBoundaryTest)
09-08 08:37:35.720  6453  6467 I TestRunner: started: missingRequiredNullableRejected(Phase6DeviceBoundaryTest)
09-08 08:37:37.696  6453  6467 I TestRunner: finished: missingRequiredNullableRejected(Phase6DeviceBoundaryTest)
09-08 08:37:37.701  6453  6467 I TestRunner: started: unknownEnumRejected(Phase6DeviceBoundaryTest)
09-08 08:37:39.581  6453  6467 I TestRunner: finished: unknownEnumRejected(Phase6DeviceBoundaryTest)
09-08 08:37:39.585  6453  6467 I TestRunner: started: duplicateJsonMembersRejected(Phase6DeviceBoundaryTest)
09-08 08:37:41.539  6453  6467 I TestRunner: finished: duplicateJsonMembersRejected(Phase6DeviceBoundaryTest)
09-08 08:37:41.544  6453  6467 I TestRunner: started: invalidationDisablesPreviouslyAvailableWrite(Phase6DeviceBoundaryTest)
09-08 08:37:43.399  6453  6467 I TestRunner: finished: invalidationDisablesPreviouslyAvailableWrite(Phase6DeviceBoundaryTest)
09-08 08:37:43.404  6453  6467 I TestRunner: started: literalLoopbackOnly(Phase6DeviceBoundaryTest)
09-08 08:37:45.366  6453  6467 I TestRunner: finished: literalLoopbackOnly(Phase6DeviceBoundaryTest)
09-08 08:37:45.372  6453  6467 I TestRunner: started: staleSupplementCommandDoesNotSendPost(Phase6DeviceBoundaryTest)
09-08 08:37:47.323  6453  6467 I TestRunner: finished: staleSupplementCommandDoesNotSendPost(Phase6DeviceBoundaryTest)
09-08 08:37:47.329  6453  6467 I TestRunner: started: cachedReceiptCannotTriggerAnyResumeRead(Phase6DeviceBoundaryTest)
09-08 08:37:49.194  6453  6467 I TestRunner: finished: cachedReceiptCannotTriggerAnyResumeRead(Phase6DeviceBoundaryTest)
09-08 08:37:49.197  6453  6467 I TestRunner: started: exactTransferDeadlineCannotResume(Phase6DeviceBoundaryTest)
09-08 08:37:51.249  6453  6467 I TestRunner: finished: exactTransferDeadlineCannotResume(Phase6DeviceBoundaryTest)
09-08 08:37:51.254  6453  6467 I TestRunner: started: invalidConstructedRequestNeverLeavesDeviceAndBecomesPageError(Phase6DeviceBoundaryTest)
09-08 08:37:53.069  6453  6467 I TestRunner: finished: invalidConstructedRequestNeverLeavesDeviceAndBecomesPageError(Phase6DeviceBoundaryTest)
09-08 08:37:53.072  6453  6467 I TestRunner: started: publishedCorpusOnAndroid(Phase6DeviceSchemaTest)
09-08 08:37:56.929  6453  6467 I TestRunner: finished: publishedCorpusOnAndroid(Phase6DeviceSchemaTest)
09-08 08:37:56.964  6453  6467 I TestRunner: started: supplementalCorpusOnAndroid(Phase6DeviceSchemaTest)
09-08 08:37:58.982  6453  6467 I TestRunner: finished: supplementalCorpusOnAndroid(Phase6DeviceSchemaTest)
09-08 08:37:58.986  6453  6467 I TestRunner: run finished: 74 tests, 0 failed, 0 ignored
09-08 08:38:39.842  7431  7445 I TestRunner: run started: 1 tests
09-08 08:38:39.847  7431  7445 I TestRunner: started: retryButtonRunsFreshModeAndReadOverMockHttp(Phase6MockRetryUiTest)
09-08 08:38:47.942  7431  7445 I TestRunner: finished: retryButtonRunsFreshModeAndReadOverMockHttp(Phase6MockRetryUiTest)
09-08 08:38:48.468  7431  7445 I TestRunner: run finished: 1 tests, 0 failed, 0 ignored
